Archive member included to satisfy reference by file (symbol)

/usr/lib/gcc/arm-none-eabi/5.3.0/../../../../arm-none-eabi/lib/armv7-m/libg_nano.a(lib_a-errno.o)
                              ./system/src/newlib/_sbrk.o (__errno)
/usr/lib/gcc/arm-none-eabi/5.3.0/../../../../arm-none-eabi/lib/armv7-m/libg_nano.a(lib_a-impure.o)
                              /usr/lib/gcc/arm-none-eabi/5.3.0/../../../../arm-none-eabi/lib/armv7-m/libg_nano.a(lib_a-errno.o) (_impure_ptr)
/usr/lib/gcc/arm-none-eabi/5.3.0/../../../../arm-none-eabi/lib/armv7-m/libg_nano.a(lib_a-memset.o)
                              ./src/tm_stm32f10_ssd1306.o (memset)
/usr/lib/gcc/arm-none-eabi/5.3.0/../../../../arm-none-eabi/lib/armv7-m/libg_nano.a(lib_a-sprintf.o)
                              ./src/main.o (sprintf)
/usr/lib/gcc/arm-none-eabi/5.3.0/../../../../arm-none-eabi/lib/armv7-m/libg_nano.a(lib_a-strcmp.o)
                              ./system/src/cortexm/exception_handlers.o (strcmp)
/usr/lib/gcc/arm-none-eabi/5.3.0/../../../../arm-none-eabi/lib/armv7-m/libg_nano.a(lib_a-strlen.o)
                              ./system/src/diag/Trace.o (strlen)
/usr/lib/gcc/arm-none-eabi/5.3.0/../../../../arm-none-eabi/lib/armv7-m/libg_nano.a(lib_a-vsnprintf.o)
                              ./system/src/diag/Trace.o (vsnprintf)
/usr/lib/gcc/arm-none-eabi/5.3.0/../../../../arm-none-eabi/lib/armv7-m/libg_nano.a(lib_a-nano-svfprintf.o)
                              /usr/lib/gcc/arm-none-eabi/5.3.0/../../../../arm-none-eabi/lib/armv7-m/libg_nano.a(lib_a-sprintf.o) (_svfprintf_r)
/usr/lib/gcc/arm-none-eabi/5.3.0/../../../../arm-none-eabi/lib/armv7-m/libg_nano.a(lib_a-nano-vfprintf_i.o)
                              /usr/lib/gcc/arm-none-eabi/5.3.0/../../../../arm-none-eabi/lib/armv7-m/libg_nano.a(lib_a-nano-svfprintf.o) (_printf_i)
/usr/lib/gcc/arm-none-eabi/5.3.0/../../../../arm-none-eabi/lib/armv7-m/libg_nano.a(lib_a-memchr-stub.o)
                              /usr/lib/gcc/arm-none-eabi/5.3.0/../../../../arm-none-eabi/lib/armv7-m/libg_nano.a(lib_a-nano-svfprintf.o) (memchr)
/usr/lib/gcc/arm-none-eabi/5.3.0/../../../../arm-none-eabi/lib/armv7-m/libg_nano.a(lib_a-memcpy-stub.o)
                              /usr/lib/gcc/arm-none-eabi/5.3.0/../../../../arm-none-eabi/lib/armv7-m/libg_nano.a(lib_a-nano-svfprintf.o) (memcpy)
/usr/lib/gcc/arm-none-eabi/5.3.0/../../../../arm-none-eabi/lib/armv7-m/libg_nano.a(lib_a-memmove.o)
                              /usr/lib/gcc/arm-none-eabi/5.3.0/../../../../arm-none-eabi/lib/armv7-m/libg_nano.a(lib_a-nano-svfprintf.o) (memmove)
/usr/lib/gcc/arm-none-eabi/5.3.0/../../../../arm-none-eabi/lib/armv7-m/libg_nano.a(lib_a-nano-freer.o)
                              /usr/lib/gcc/arm-none-eabi/5.3.0/../../../../arm-none-eabi/lib/armv7-m/libg_nano.a(lib_a-nano-svfprintf.o) (_free_r)
/usr/lib/gcc/arm-none-eabi/5.3.0/../../../../arm-none-eabi/lib/armv7-m/libg_nano.a(lib_a-nano-mallocr.o)
                              /usr/lib/gcc/arm-none-eabi/5.3.0/../../../../arm-none-eabi/lib/armv7-m/libg_nano.a(lib_a-nano-svfprintf.o) (_malloc_r)
/usr/lib/gcc/arm-none-eabi/5.3.0/../../../../arm-none-eabi/lib/armv7-m/libg_nano.a(lib_a-nano-reallocr.o)
                              /usr/lib/gcc/arm-none-eabi/5.3.0/../../../../arm-none-eabi/lib/armv7-m/libg_nano.a(lib_a-nano-svfprintf.o) (_realloc_r)
/usr/lib/gcc/arm-none-eabi/5.3.0/../../../../arm-none-eabi/lib/armv7-m/libg_nano.a(lib_a-sbrkr.o)
                              /usr/lib/gcc/arm-none-eabi/5.3.0/../../../../arm-none-eabi/lib/armv7-m/libg_nano.a(lib_a-nano-mallocr.o) (_sbrk_r)
/usr/lib/gcc/arm-none-eabi/5.3.0/../../../../arm-none-eabi/lib/armv7-m/libg_nano.a(lib_a-nano-msizer.o)
                              /usr/lib/gcc/arm-none-eabi/5.3.0/../../../../arm-none-eabi/lib/armv7-m/libg_nano.a(lib_a-nano-reallocr.o) (_malloc_usable_size_r)

Allocating common symbols
Common symbol       size              file

errno               0x4               ./system/src/newlib/_syscalls.o

Discarded input sections

 .group         0x0000000000000000        0x8 ./system/src/stm32f1-stdperiph/misc.o
 .group         0x0000000000000000        0x8 ./system/src/stm32f1-stdperiph/misc.o
 .group         0x0000000000000000        0x8 ./system/src/stm32f1-stdperiph/misc.o
 .group         0x0000000000000000        0x8 ./system/src/stm32f1-stdperiph/misc.o
 .group         0x0000000000000000        0x8 ./system/src/stm32f1-stdperiph/misc.o
 .group         0x0000000000000000        0x8 ./system/src/stm32f1-stdperiph/misc.o
 .group         0x0000000000000000        0x8 ./system/src/stm32f1-stdperiph/misc.o
 .group         0x0000000000000000        0x8 ./system/src/stm32f1-stdperiph/misc.o
 .group         0x0000000000000000        0x8 ./system/src/stm32f1-stdperiph/misc.o
 .group         0x0000000000000000        0x8 ./system/src/stm32f1-stdperiph/misc.o
 .group         0x0000000000000000        0x8 ./system/src/stm32f1-stdperiph/misc.o
[...]
Memory Configuration

Name             Origin             Length             Attributes
RAM              0x0000000020000000 0x0000000000005000 xrw
CCMRAM           0x0000000000000000 0x0000000000000000 xrw
FLASH            0x0000000008000000 0x0000000000010000 xr
FLASHB1          0x0000000000000000 0x0000000000000000 xr
EXTMEMB0         0x0000000000000000 0x0000000000000000 xr
EXTMEMB1         0x0000000000000000 0x0000000000000000 xr
EXTMEMB2         0x0000000000000000 0x0000000000000000 xr
EXTMEMB3         0x0000000000000000 0x0000000000000000 xr
MEMORY_ARRAY     0x0000000000000000 0x0000000000000000 xrw
*default*        0x0000000000000000 0xffffffffffffffff

Linker script and memory map

LOAD ./system/src/stm32f1-stdperiph/misc.o
LOAD ./system/src/stm32f1-stdperiph/stm32f10x_adc.o
LOAD ./system/src/stm32f1-stdperiph/stm32f10x_bkp.o
LOAD ./system/src/stm32f1-stdperiph/stm32f10x_can.o
LOAD ./system/src/stm32f1-stdperiph/stm32f10x_cec.o
LOAD ./system/src/stm32f1-stdperiph/stm32f10x_crc.o
LOAD ./system/src/stm32f1-stdperiph/stm32f10x_dac.o
LOAD ./system/src/stm32f1-stdperiph/stm32f10x_dbgmcu.o
LOAD ./system/src/stm32f1-stdperiph/stm32f10x_dma.o
LOAD ./system/src/stm32f1-stdperiph/stm32f10x_exti.o
LOAD ./system/src/stm32f1-stdperiph/stm32f10x_flash.o
LOAD ./system/src/stm32f1-stdperiph/stm32f10x_fsmc.o
LOAD ./system/src/stm32f1-stdperiph/stm32f10x_gpio.o
LOAD ./system/src/stm32f1-stdperiph/stm32f10x_i2c.o
LOAD ./system/src/stm32f1-stdperiph/stm32f10x_iwdg.o
LOAD ./system/src/stm32f1-stdperiph/stm32f10x_pwr.o
LOAD ./system/src/stm32f1-stdperiph/stm32f10x_rcc.o
LOAD ./system/src/stm32f1-stdperiph/stm32f10x_rtc.o
LOAD ./system/src/stm32f1-stdperiph/stm32f10x_sdio.o
LOAD ./system/src/stm32f1-stdperiph/stm32f10x_spi.o
LOAD ./system/src/stm32f1-stdperiph/stm32f10x_tim.o
LOAD ./system/src/stm32f1-stdperiph/stm32f10x_usart.o
LOAD ./system/src/stm32f1-stdperiph/stm32f10x_wwdg.o
LOAD ./system/src/newlib/_cxx.o
LOAD ./system/src/newlib/_exit.o
LOAD ./system/src/newlib/_sbrk.o
LOAD ./system/src/newlib/_startup.o
LOAD ./system/src/newlib/_syscalls.o
LOAD ./system/src/newlib/assert.o
LOAD ./system/src/diag/Trace.o
LOAD ./system/src/diag/trace_impl.o
LOAD ./system/src/cortexm/_initialize_hardware.o
LOAD ./system/src/cortexm/_reset_hardware.o
LOAD ./system/src/cortexm/exception_handlers.o
LOAD ./system/src/cmsis/system_stm32f10x.o
LOAD ./system/src/cmsis/vectors_stm32f10x.o
LOAD ./src/_write.o
LOAD ./src/main.o
LOAD ./src/tm_stm32f10_fonts.o
LOAD ./src/tm_stm32f10_i2c.o
LOAD ./src/tm_stm32f10_ssd1306.o
LOAD /usr/lib/gcc/arm-none-eabi/5.3.0/../../../../arm-none-eabi/lib/armv7-m/libstdc++_nano.a
LOAD /usr/lib/gcc/arm-none-eabi/5.3.0/../../../../arm-none-eabi/lib/armv7-m/libm.a
START GROUP
LOAD /usr/lib/gcc/arm-none-eabi/5.3.0/armv7-m/libgcc.a
LOAD /usr/lib/gcc/arm-none-eabi/5.3.0/../../../../arm-none-eabi/lib/armv7-m/libg_nano.a
LOAD /usr/lib/gcc/arm-none-eabi/5.3.0/../../../../arm-none-eabi/lib/armv7-m/libc_nano.a
END GROUP
START GROUP
LOAD /usr/lib/gcc/arm-none-eabi/5.3.0/armv7-m/libgcc.a
LOAD /usr/lib/gcc/arm-none-eabi/5.3.0/../../../../arm-none-eabi/lib/armv7-m/libc_nano.a
END GROUP
                0x0000000020005000                __stack = (ORIGIN (RAM) + LENGTH (RAM))
                0x0000000020005000                _estack = __stack
                0x0000000000000400                __Main_Stack_Size = 0x400
                [!provide]                        PROVIDE (_Main_Stack_Size, __Main_Stack_Size)
                0x0000000020004c00                __Main_Stack_Limit = (__stack - __Main_Stack_Size)
                [!provide]                        PROVIDE (_Main_Stack_Limit, __Main_Stack_Limit)
                0x0000000000000100                _Minimum_Stack_Size = 0x100
                0x0000000020000564                PROVIDE (_Heap_Begin, _end_noinit)
                0x0000000020004c00                PROVIDE (_Heap_Limit, (__stack - __Main_Stack_Size))

.isr_vector     0x0000000008000000      0x354
 FILL mask 0xff
                0x0000000008000000                __vectors_start = ABSOLUTE (.)
                0x0000000008000000                __vectors_start__ = ABSOLUTE (.)
 *(.isr_vector)
 .isr_vector    0x0000000008000000      0x10c ./system/src/cmsis/vectors_stm32f10x.o
                0x0000000008000000                __isr_vectors
 *(.cfmconfig)
 *(.after_vectors .after_vectors.*)
 .after_vectors
                0x000000000800010c      0x114 ./system/src/newlib/_startup.o
                0x000000000800010c                _start
 .after_vectors
                0x0000000008000220      0x130 ./system/src/cortexm/exception_handlers.o
                0x0000000008000220                Reset_Handler
                0x0000000008000228                NMI_Handler
                0x000000000800022c                HardFault_Handler
                0x0000000008000240                HardFault_Handler_C
                0x00000000080002a0                MemManage_Handler
                0x00000000080002a4                BusFault_Handler
                0x00000000080002b8                BusFault_Handler_C
                0x00000000080002ec                UsageFault_Handler
                0x0000000008000300                UsageFault_Handler_C
                0x0000000008000334                SVC_Handler
                0x0000000008000338                DebugMon_Handler
                0x000000000800033c                PendSV_Handler
                0x0000000008000340                SysTick_Handler
 .after_vectors
                0x0000000008000350        0x4 ./system/src/cmsis/vectors_stm32f10x.o
                0x0000000008000350                EXTI2_IRQHandler
                0x0000000008000350                TIM8_TRG_COM_IRQHandler
                0x0000000008000350                TIM8_CC_IRQHandler
                0x0000000008000350                TIM1_CC_IRQHandler
                0x0000000008000350                TIM6_IRQHandler
                0x0000000008000350                PVD_IRQHandler
                0x0000000008000350                SDIO_IRQHandler
                0x0000000008000350                CAN2_RX1_IRQHandler
                0x0000000008000350                EXTI3_IRQHandler
                0x0000000008000350                TIM8_TRG_COM_TIM14_IRQHandler
                0x0000000008000350                TIM1_UP_TIM10_IRQHandler
                0x0000000008000350                TIM8_UP_TIM13_IRQHandler
                0x0000000008000350                EXTI0_IRQHandler
                0x0000000008000350                I2C2_EV_IRQHandler
                0x0000000008000350                CAN1_RX0_IRQHandler
                0x0000000008000350                TIM1_UP_TIM16_IRQHandler
                0x0000000008000350                CAN2_SCE_IRQHandler
                0x0000000008000350                ADC1_2_IRQHandler
                0x0000000008000350                SPI1_IRQHandler
                0x0000000008000350                TAMPER_IRQHandler
                0x0000000008000350                TIM6_DAC_IRQHandler
                0x0000000008000350                TIM1_BRK_TIM9_IRQHandler
                0x0000000008000350                CAN2_RX0_IRQHandler
                0x0000000008000350                TIM8_UP_IRQHandler
                0x0000000008000350                DMA2_Channel2_IRQHandler
                0x0000000008000350                DMA1_Channel4_IRQHandler
                0x0000000008000350                USART3_IRQHandler
                0x0000000008000350                RTC_IRQHandler
                0x0000000008000350                DMA1_Channel7_IRQHandler
                0x0000000008000350                CAN1_RX1_IRQHandler
                0x0000000008000350                UART5_IRQHandler
                0x0000000008000350                ADC3_IRQHandler
                0x0000000008000350                TIM4_IRQHandler
                0x0000000008000350                DMA2_Channel1_IRQHandler
                0x0000000008000350                I2C1_EV_IRQHandler
                0x0000000008000350                UART4_IRQHandler
                0x0000000008000350                DMA2_Channel4_IRQHandler
                0x0000000008000350                TIM3_IRQHandler
                0x0000000008000350                RCC_IRQHandler
                0x0000000008000350                TIM8_BRK_TIM12_IRQHandler
                0x0000000008000350                TIM1_TRG_COM_IRQHandler
                0x0000000008000350                DMA1_Channel1_IRQHandler
                0x0000000008000350                Default_Handler
                0x0000000008000350                CEC_IRQHandler
                0x0000000008000350                EXTI15_10_IRQHandler
                0x0000000008000350                TIM14_IRQHandler
                0x0000000008000350                TIM13_IRQHandler
                0x0000000008000350                TIM12_IRQHandler
                0x0000000008000350                TIM7_IRQHandler
                0x0000000008000350                CAN2_TX_IRQHandler
                0x0000000008000350                TIM5_IRQHandler
                0x0000000008000350                EXTI9_5_IRQHandler
                0x0000000008000350                ETH_WKUP_IRQHandler
                0x0000000008000350                SPI2_IRQHandler
                0x0000000008000350                CAN1_TX_IRQHandler
                0x0000000008000350                DMA2_Channel5_IRQHandler
                0x0000000008000350                DMA1_Channel5_IRQHandler
                0x0000000008000350                EXTI4_IRQHandler
                0x0000000008000350                USB_LP_CAN1_RX0_IRQHandler
                0x0000000008000350                TIM1_TRG_COM_TIM17_IRQHandler
                0x0000000008000350                USB_HP_CAN1_TX_IRQHandler
                0x0000000008000350                DMA1_Channel3_IRQHandler
                0x0000000008000350                FSMC_IRQHandler
                0x0000000008000350                ETH_IRQHandler
                0x0000000008000350                TIM1_UP_IRQHandler
                0x0000000008000350                WWDG_IRQHandler
                0x0000000008000350                TIM2_IRQHandler
                0x0000000008000350                OTG_FS_WKUP_IRQHandler
                0x0000000008000350                TIM1_TRG_COM_TIM11_IRQHandler
                0x0000000008000350                TIM1_BRK_IRQHandler
                0x0000000008000350                EXTI1_IRQHandler
                0x0000000008000350                RTCAlarm_IRQHandler
                0x0000000008000350                DMA2_Channel4_5_IRQHandler
                0x0000000008000350                USART2_IRQHandler
                0x0000000008000350                I2C2_ER_IRQHandler
                0x0000000008000350                DMA1_Channel2_IRQHandler
                0x0000000008000350                TIM8_BRK_IRQHandler
                0x0000000008000350                CAN1_SCE_IRQHandler
                0x0000000008000350                FLASH_IRQHandler
                0x0000000008000350                USART1_IRQHandler
                0x0000000008000350                OTG_FS_IRQHandler
                0x0000000008000350                SPI3_IRQHandler
                0x0000000008000350                I2C1_ER_IRQHandler
                0x0000000008000350                USBWakeUp_IRQHandler
                0x0000000008000350                DMA2_Channel3_IRQHandler
                0x0000000008000350                TIM1_BRK_TIM15_IRQHandler

.inits          0x0000000008000354       0x28
                0x0000000008000354                __data_regions_array_start = .
                0x0000000008000354        0x4 LONG 0x800422c LOADADDR (.data)
                0x0000000008000358        0x4 LONG 0x20000000 ADDR (.data)
                0x000000000800035c        0x4 LONG 0x200000b8 (ADDR (.data) + SIZEOF (.data))
                0x0000000008000360        0x4 LONG 0x800422c LOADADDR (.data_CCMRAM)
                0x0000000008000364        0x4 LONG 0x0 ADDR (.data_CCMRAM)
                0x0000000008000368        0x4 LONG 0x0 (ADDR (.data_CCMRAM) + SIZEOF (.data_CCMRAM))
                0x000000000800036c                __data_regions_array_end = .
                0x000000000800036c                __bss_regions_array_start = .
                0x000000000800036c        0x4 LONG 0x200000b8 ADDR (.bss)
                0x0000000008000370        0x4 LONG 0x20000564 (ADDR (.bss) + SIZEOF (.bss))
                0x0000000008000374        0x4 LONG 0x0 ADDR (.bss_CCMRAM)
                0x0000000008000378        0x4 LONG 0x0 (ADDR (.bss_CCMRAM) + SIZEOF (.bss_CCMRAM))
                0x000000000800037c                __bss_regions_array_end = .
 *(.init)
 *(.fini)
                0x000000000800037c                . = ALIGN (0x4)
                0x000000000800037c                PROVIDE (__preinit_array_start, .)
 *(.preinit_array_sysinit .preinit_array_sysinit.*)
 *(.preinit_array_platform .preinit_array_platform.*)
 *(.preinit_array .preinit_array.*)
                0x000000000800037c                PROVIDE (__preinit_array_end, .)
                0x000000000800037c                . = ALIGN (0x4)
                0x000000000800037c                PROVIDE (__init_array_start, .)
 *(SORT(.init_array.*))
 *(.init_array)
                0x000000000800037c                PROVIDE (__init_array_end, .)
                0x000000000800037c                . = ALIGN (0x4)
                0x000000000800037c                PROVIDE (__fini_array_start, .)
 *(SORT(.fini_array.*))
 *(.fini_array)
                0x000000000800037c                PROVIDE (__fini_array_end, .)

.flashtext
 *(.flashtext .flashtext.*)

.text           0x000000000800037c     0x3ead
 *(.text .text.*)
 .text.NVIC_Init
                0x000000000800037c       0x98 ./system/src/stm32f1-stdperiph/misc.o
                0x000000000800037c                NVIC_Init
 .text.DMA_DeInit
                0x0000000008000414      0x180 ./system/src/stm32f1-stdperiph/stm32f10x_dma.o
                0x0000000008000414                DMA_DeInit
 .text.DMA_Init
                0x0000000008000594      0x150 ./system/src/stm32f1-stdperiph/stm32f10x_dma.o
                0x0000000008000594                DMA_Init
 .text.DMA_StructInit
                0x00000000080006e4       0x1c ./system/src/stm32f1-stdperiph/stm32f10x_dma.o
                0x00000000080006e4                DMA_StructInit
 .text.DMA_Cmd  0x0000000008000700       0x8c ./system/src/stm32f1-stdperiph/stm32f10x_dma.o
                0x0000000008000700                DMA_Cmd
 .text.DMA_ITConfig
                0x000000000800078c       0x98 ./system/src/stm32f1-stdperiph/stm32f10x_dma.o
                0x000000000800078c                DMA_ITConfig
 .text.DMA_SetCurrDataCounter
                0x0000000008000824       0x68 ./system/src/stm32f1-stdperiph/stm32f10x_dma.o
                0x0000000008000824                DMA_SetCurrDataCounter
 .text.DMA_GetFlagStatus
                0x000000000800088c      0x170 ./system/src/stm32f1-stdperiph/stm32f10x_dma.o
                0x000000000800088c                DMA_GetFlagStatus
 .text.DMA_ClearFlag
                0x00000000080009fc       0x40 ./system/src/stm32f1-stdperiph/stm32f10x_dma.o
                0x00000000080009fc                DMA_ClearFlag
 .text.DMA_ClearITPendingBit
                0x0000000008000a3c       0x40 ./system/src/stm32f1-stdperiph/stm32f10x_dma.o
                0x0000000008000a3c                DMA_ClearITPendingBit
 .text.GPIO_Init
                0x0000000008000a7c      0x128 ./system/src/stm32f1-stdperiph/stm32f10x_gpio.o
                0x0000000008000a7c                GPIO_Init
 .text.GPIO_ReadOutputDataBit
                0x0000000008000ba4       0xb8 ./system/src/stm32f1-stdperiph/stm32f10x_gpio.o
                0x0000000008000ba4                GPIO_ReadOutputDataBit
 .text.GPIO_SetBits
                0x0000000008000c5c       0x60 ./system/src/stm32f1-stdperiph/stm32f10x_gpio.o
                0x0000000008000c5c                GPIO_SetBits
 .text.GPIO_WriteBit
                0x0000000008000cbc       0xc4 ./system/src/stm32f1-stdperiph/stm32f10x_gpio.o
                0x0000000008000cbc                GPIO_WriteBit
 .text.GPIO_PinRemapConfig
                0x0000000008000d80      0x1d0 ./system/src/stm32f1-stdperiph/stm32f10x_gpio.o
                0x0000000008000d80                GPIO_PinRemapConfig
 .text.I2C_DeInit
                0x0000000008000f50       0x54 ./system/src/stm32f1-stdperiph/stm32f10x_i2c.o
                0x0000000008000f50                I2C_DeInit
 .text.I2C_Init
                0x0000000008000fa4      0x174 ./system/src/stm32f1-stdperiph/stm32f10x_i2c.o
                0x0000000008000fa4                I2C_Init
 .text.I2C_Cmd  0x0000000008001118       0x50 ./system/src/stm32f1-stdperiph/stm32f10x_i2c.o
                0x0000000008001118                I2C_Cmd
 .text.I2C_DMACmd
                0x0000000008001168       0x50 ./system/src/stm32f1-stdperiph/stm32f10x_i2c.o
                0x0000000008001168                I2C_DMACmd
 .text.I2C_CheckEvent
                0x00000000080011b8       0xf0 ./system/src/stm32f1-stdperiph/stm32f10x_i2c.o
                0x00000000080011b8                I2C_CheckEvent
 .text.RCC_GetClocksFreq
                0x00000000080012a8       0xbc ./system/src/stm32f1-stdperiph/stm32f10x_rcc.o
                0x00000000080012a8                RCC_GetClocksFreq
 .text.RCC_AHBPeriphClockCmd
                0x0000000008001364       0x4c ./system/src/stm32f1-stdperiph/stm32f10x_rcc.o
                0x0000000008001364                RCC_AHBPeriphClockCmd
 .text.RCC_APB2PeriphClockCmd
                0x00000000080013b0       0x4c ./system/src/stm32f1-stdperiph/stm32f10x_rcc.o
                0x00000000080013b0                RCC_APB2PeriphClockCmd
 .text.RCC_APB1PeriphClockCmd
                0x00000000080013fc       0x4c ./system/src/stm32f1-stdperiph/stm32f10x_rcc.o
                0x00000000080013fc                RCC_APB1PeriphClockCmd
 .text.RCC_APB1PeriphResetCmd
                0x0000000008001448       0x4c ./system/src/stm32f1-stdperiph/stm32f10x_rcc.o
                0x0000000008001448                RCC_APB1PeriphResetCmd
 .text._exit    0x0000000008001494        0x4 ./system/src/newlib/_exit.o
                0x0000000008001494                _exit
 .text.abort    0x0000000008001498       0x14 ./system/src/newlib/_exit.o
                0x0000000008001498                abort
 .text._sbrk    0x00000000080014ac       0x44 ./system/src/newlib/_sbrk.o
                0x00000000080014ac                _sbrk
 .text.__initialize_args
                0x00000000080014f0       0x10 ./system/src/newlib/_syscalls.o
                0x00000000080014f0                __initialize_args
 .text.assert_failed
                0x0000000008001500       0x14 ./system/src/newlib/assert.o
                0x0000000008001500                assert_failed
 .text.trace_printf
                0x0000000008001514       0x30 ./system/src/diag/Trace.o
                0x0000000008001514                trace_printf
 .text.trace_puts
                0x0000000008001544       0x20 ./system/src/diag/Trace.o
                0x0000000008001544                trace_puts
 .text._trace_write_semihosting_stdout
                0x0000000008001564       0x70 ./system/src/diag/trace_impl.o
 .text.trace_write
                0x00000000080015d4        0x8 ./system/src/diag/trace_impl.o
                0x00000000080015d4                trace_write
 .text.__initialize_hardware_early
                0x00000000080015dc       0x18 ./system/src/cortexm/_initialize_hardware.o
                0x00000000080015dc                __initialize_hardware_early
 .text.__initialize_hardware
                0x00000000080015f4        0x8 ./system/src/cortexm/_initialize_hardware.o
                0x00000000080015f4                __initialize_hardware
 .text.dumpExceptionStack
                0x00000000080015fc       0xf0 ./system/src/cortexm/exception_handlers.o
                0x00000000080015fc                dumpExceptionStack
 .text.isSemihosting
                0x00000000080016ec       0x78 ./system/src/cortexm/exception_handlers.o
                0x00000000080016ec                isSemihosting
 .text.SetSysClockTo72
                0x0000000008001764       0xc4 ./system/src/cmsis/system_stm32f10x.o
 .text.SetSysClock
                0x0000000008001828        0x8 ./system/src/cmsis/system_stm32f10x.o
 .text.SystemInit
                0x0000000008001830       0x50 ./system/src/cmsis/system_stm32f10x.o
                0x0000000008001830                SystemInit
 .text.SystemCoreClockUpdate
                0x0000000008001880       0x94 ./system/src/cmsis/system_stm32f10x.o
                0x0000000008001880                SystemCoreClockUpdate
 .text.main     0x0000000008001914       0xd8 ./src/main.o
                0x0000000008001914                main
 .text.TM_I2C_Init
                0x00000000080019ec      0x114 ./src/tm_stm32f10_i2c.o
                0x00000000080019ec                TM_I2C_Init
 .text.TM_I2C_Start
                0x0000000008001b00       0xa4 ./src/tm_stm32f10_i2c.o
                0x0000000008001b00                TM_I2C_Start
 .text.TM_I2C_WriteData
                0x0000000008001ba4       0x2c ./src/tm_stm32f10_i2c.o
                0x0000000008001ba4                TM_I2C_WriteData
 .text.TM_I2C_WriteMultiDMA
                0x0000000008001bd0       0x84 ./src/tm_stm32f10_i2c.o
                0x0000000008001bd0                TM_I2C_WriteMultiDMA
 .text.TM_I2C_Stop
                0x0000000008001c54       0x44 ./src/tm_stm32f10_i2c.o
                0x0000000008001c54                TM_I2C_Stop
 .text.TM_I2C_Write
                0x0000000008001c98       0x28 ./src/tm_stm32f10_i2c.o
                0x0000000008001c98                TM_I2C_Write
 .text.TM_I2C_IsDeviceConnected
                0x0000000008001cc0       0x20 ./src/tm_stm32f10_i2c.o
                0x0000000008001cc0                TM_I2C_IsDeviceConnected
 .text.TM_SSD1306_UpdateScreen
                0x0000000008001ce0       0x18 ./src/tm_stm32f10_ssd1306.o
                0x0000000008001ce0                TM_SSD1306_UpdateScreen
 .text.TM_SSD1306_initDMA
                0x0000000008001cf8       0x90 ./src/tm_stm32f10_ssd1306.o
                0x0000000008001cf8                TM_SSD1306_initDMA
 .text.DMA1_Channel6_IRQHandler
                0x0000000008001d88       0x38 ./src/tm_stm32f10_ssd1306.o
                0x0000000008001d88                DMA1_Channel6_IRQHandler
 .text.TM_SSD1306_Fill
                0x0000000008001dc0       0x1c ./src/tm_stm32f10_ssd1306.o
                0x0000000008001dc0                TM_SSD1306_Fill
 .text.TM_SSD1306_Init
                0x0000000008001ddc      0x198 ./src/tm_stm32f10_ssd1306.o
                0x0000000008001ddc                TM_SSD1306_Init
 .text.TM_SSD1306_DrawPixel
                0x0000000008001f74       0x58 ./src/tm_stm32f10_ssd1306.o
                0x0000000008001f74                TM_SSD1306_DrawPixel
 .text.TM_SSD1306_GotoXY
                0x0000000008001fcc        0xc ./src/tm_stm32f10_ssd1306.o
                0x0000000008001fcc                TM_SSD1306_GotoXY
 .text.TM_SSD1306_Putc
                0x0000000008001fd8       0xa0 ./src/tm_stm32f10_ssd1306.o
                0x0000000008001fd8                TM_SSD1306_Putc
 .text.TM_SSD1306_Puts
                0x0000000008002078       0x28 ./src/tm_stm32f10_ssd1306.o
                0x0000000008002078                TM_SSD1306_Puts
 .text.SSD1306ShiftFrameBuffer
                0x00000000080020a0       0x84 ./src/tm_stm32f10_ssd1306.o
                0x00000000080020a0                SSD1306ShiftFrameBuffer
 .text.__errno  0x0000000008002124        0xc /usr/lib/gcc/arm-none-eabi/5.3.0/../../../../arm-none-eabi/lib/armv7-m/libg_nano.a(lib_a-errno.o)
                0x0000000008002124                __errno
 .text.memset   0x0000000008002130       0x10 /usr/lib/gcc/arm-none-eabi/5.3.0/../../../../arm-none-eabi/lib/armv7-m/libg_nano.a(lib_a-memset.o)
                0x0000000008002130                memset
 .text.sprintf  0x0000000008002140       0x48 /usr/lib/gcc/arm-none-eabi/5.3.0/../../../../arm-none-eabi/lib/armv7-m/libg_nano.a(lib_a-sprintf.o)
                0x0000000008002140                sprintf
                0x0000000008002140                siprintf
 .text          0x0000000008002188       0x14 /usr/lib/gcc/arm-none-eabi/5.3.0/../../../../arm-none-eabi/lib/armv7-m/libg_nano.a(lib_a-strcmp.o)
                0x0000000008002188                strcmp
 .text          0x000000000800219c       0x10 /usr/lib/gcc/arm-none-eabi/5.3.0/../../../../arm-none-eabi/lib/armv7-m/libg_nano.a(lib_a-strlen.o)
                0x000000000800219c                strlen
 .text._vsnprintf_r
                0x00000000080021ac       0x56 /usr/lib/gcc/arm-none-eabi/5.3.0/../../../../arm-none-eabi/lib/armv7-m/libg_nano.a(lib_a-vsnprintf.o)
                0x00000000080021ac                _vsnprintf_r
                0x00000000080021ac                _vsniprintf_r
 *fill*         0x0000000008002202        0x2 
 .text.vsnprintf
                0x0000000008002204       0x1c /usr/lib/gcc/arm-none-eabi/5.3.0/../../../../arm-none-eabi/lib/armv7-m/libg_nano.a(lib_a-vsnprintf.o)
                0x0000000008002204                vsnprintf
                0x0000000008002204                vsniprintf
 .text.__ssputs_r
                0x0000000008002220       0xb2 /usr/lib/gcc/arm-none-eabi/5.3.0/../../../../arm-none-eabi/lib/armv7-m/libg_nano.a(lib_a-nano-svfprintf.o)
                0x0000000008002220                __ssputs_r
 *fill*         0x00000000080022d2        0x2 
 .text._svfprintf_r
                0x00000000080022d4      0x1e8 /usr/lib/gcc/arm-none-eabi/5.3.0/../../../../arm-none-eabi/lib/armv7-m/libg_nano.a(lib_a-nano-svfprintf.o)
                0x00000000080022d4                _svfprintf_r
                0x00000000080022d4                _svfiprintf_r
 .text._printf_common
                0x00000000080024bc       0xec /usr/lib/gcc/arm-none-eabi/5.3.0/../../../../arm-none-eabi/lib/armv7-m/libg_nano.a(lib_a-nano-vfprintf_i.o)
                0x00000000080024bc                _printf_common
 .text._printf_i
                0x00000000080025a8      0x24c /usr/lib/gcc/arm-none-eabi/5.3.0/../../../../arm-none-eabi/lib/armv7-m/libg_nano.a(lib_a-nano-vfprintf_i.o)
                0x00000000080025a8                _printf_i
 .text.memchr   0x00000000080027f4       0x1c /usr/lib/gcc/arm-none-eabi/5.3.0/../../../../arm-none-eabi/lib/armv7-m/libg_nano.a(lib_a-memchr-stub.o)
                0x00000000080027f4                memchr
 .text.memcpy   0x0000000008002810       0x16 /usr/lib/gcc/arm-none-eabi/5.3.0/../../../../arm-none-eabi/lib/armv7-m/libg_nano.a(lib_a-memcpy-stub.o)
                0x0000000008002810                memcpy
 .text.memmove  0x0000000008002826       0x36 /usr/lib/gcc/arm-none-eabi/5.3.0/../../../../arm-none-eabi/lib/armv7-m/libg_nano.a(lib_a-memmove.o)
                0x0000000008002826                memmove
 .text._free_r  0x000000000800285c       0x88 /usr/lib/gcc/arm-none-eabi/5.3.0/../../../../arm-none-eabi/lib/armv7-m/libg_nano.a(lib_a-nano-freer.o)
                0x000000000800285c                _free_r
 .text._malloc_r
                0x00000000080028e4       0xa8 /usr/lib/gcc/arm-none-eabi/5.3.0/../../../../arm-none-eabi/lib/armv7-m/libg_nano.a(lib_a-nano-mallocr.o)
                0x00000000080028e4                _malloc_r
 .text._realloc_r
                0x000000000800298c       0x4c /usr/lib/gcc/arm-none-eabi/5.3.0/../../../../arm-none-eabi/lib/armv7-m/libg_nano.a(lib_a-nano-reallocr.o)
                0x000000000800298c                _realloc_r
 .text._sbrk_r  0x00000000080029d8       0x20 /usr/lib/gcc/arm-none-eabi/5.3.0/../../../../arm-none-eabi/lib/armv7-m/libg_nano.a(lib_a-sbrkr.o)
                0x00000000080029d8                _sbrk_r
 .text._malloc_usable_size_r
                0x00000000080029f8       0x14 /usr/lib/gcc/arm-none-eabi/5.3.0/../../../../arm-none-eabi/lib/armv7-m/libg_nano.a(lib_a-nano-msizer.o)
                0x00000000080029f8                _malloc_usable_size_r
 *(.rodata .rodata.* .constdata .constdata.*)
 .rodata.str1.4
                0x0000000008002a0c       0x27 ./system/src/stm32f1-stdperiph/misc.o
 *fill*         0x0000000008002a33        0x1 
 .rodata.str1.4
                0x0000000008002a34       0x30 ./system/src/stm32f1-stdperiph/stm32f10x_dma.o
 .rodata.str1.4
                0x0000000008002a64       0x31 ./system/src/stm32f1-stdperiph/stm32f10x_gpio.o
 *fill*         0x0000000008002a95        0x3 
 .rodata.str1.4
                0x0000000008002a98       0x30 ./system/src/stm32f1-stdperiph/stm32f10x_i2c.o
 .rodata.str1.4
                0x0000000008002ac8       0x30 ./system/src/stm32f1-stdperiph/stm32f10x_rcc.o
 .rodata.str1.4
                0x0000000008002af8       0x14 ./system/src/newlib/_exit.o
 .rodata.str1.4
                0x0000000008002b0c       0x6b ./system/src/newlib/assert.o
                                         0x6f (size before relaxing)
 *fill*         0x0000000008002b77        0x1 
 .rodata.str1.4
                0x0000000008002b78       0x29 ./system/src/diag/Trace.o
                                         0x2d (size before relaxing)
 *fill*         0x0000000008002ba1        0x3 
 .rodata.str1.4
                0x0000000008002ba4        0x4 ./system/src/diag/trace_impl.o
 .rodata.str1.4
                0x0000000008002ba8      0x146 ./system/src/cortexm/exception_handlers.o
                                        0x14a (size before relaxing)
 *fill*         0x0000000008002cee        0x2 
 .rodata.str1.4
                0x0000000008002cf0       0x3c ./src/main.o
                                         0x3a (size before relaxing)
 .rodata.TM_Font7x10
                0x0000000008002d2c      0x76c ./src/tm_stm32f10_fonts.o
                0x0000000008002d2c                TM_Font7x10
 .rodata.TM_Font11x18
                0x0000000008003498      0xd5c ./src/tm_stm32f10_fonts.o
                0x0000000008003498                TM_Font11x18
 .rodata.str1.1
                0x00000000080041f4        0x2 /usr/lib/gcc/arm-none-eabi/5.3.0/../../../../arm-none-eabi/lib/armv7-m/libg_nano.a(lib_a-impure.o)
 .rodata.str1.1
                0x00000000080041f6       0x11 /usr/lib/gcc/arm-none-eabi/5.3.0/../../../../arm-none-eabi/lib/armv7-m/libg_nano.a(lib_a-nano-svfprintf.o)
 .rodata.str1.1
                0x0000000008004207       0x22 /usr/lib/gcc/arm-none-eabi/5.3.0/../../../../arm-none-eabi/lib/armv7-m/libg_nano.a(lib_a-nano-vfprintf_i.o)
 *(vtable)
 *(.eh_frame*)
 *(.glue_7)
 .glue_7        0x0000000008004229        0x0 linker stubs
 *(.glue_7t)
 .glue_7t       0x0000000008004229        0x0 linker stubs

.vfp11_veneer   0x000000000800422c        0x0
 .vfp11_veneer  0x000000000800422c        0x0 linker stubs

.v4_bx          0x000000000800422c        0x0
 .v4_bx         0x000000000800422c        0x0 linker stubs

.iplt           0x000000000800422c        0x0
 .iplt          0x000000000800422c        0x0 ./system/src/stm32f1-stdperiph/misc.o

.rel.dyn        0x000000000800422c        0x0
 .rel.iplt      0x000000000800422c        0x0 ./system/src/stm32f1-stdperiph/misc.o

.ARM.extab
 *(.ARM.extab* .gnu.linkonce.armextab.*)
                0x000000000800422c                . = ALIGN (0x4)
                0x000000000800422c                __exidx_start = .

.ARM.exidx
 *(.ARM.exidx* .gnu.linkonce.armexidx.*)
                0x000000000800422c                __exidx_end = .
                0x000000000800422c                . = ALIGN (0x4)
                0x000000000800422c                _etext = .
                0x000000000800422c                __etext = .

.data_CCMRAM    0x0000000000000000        0x0 load address 0x000000000800422c
 FILL mask 0xff
 *(.data.CCMRAM .data.CCMRAM.*)
                0x0000000000000000                . = ALIGN (0x4)
                0x000000000800422c                _sidata = LOADADDR (.data)

.data           0x0000000020000000       0xb8 load address 0x000000000800422c
 FILL mask 0xff
                0x0000000020000000                _sdata = .
                0x0000000020000000                __data_start__ = .
 *(.data_begin .data_begin.*)
 .data_begin    0x0000000020000000        0x4 ./system/src/newlib/_startup.o
 *(.data .data.*)
 .data.ADCPrescTable
                0x0000000020000004        0x4 ./system/src/stm32f1-stdperiph/stm32f10x_rcc.o
 .data.APBAHBPrescTable
                0x0000000020000008       0x10 ./system/src/stm32f1-stdperiph/stm32f10x_rcc.o
 .data.argv.4231
                0x0000000020000018        0x8 ./system/src/newlib/_syscalls.o
 .data.AHBPrescTable
                0x0000000020000020       0x10 ./system/src/cmsis/system_stm32f10x.o
                0x0000000020000020                AHBPrescTable
 .data.SystemCoreClock
                0x0000000020000030        0x4 ./system/src/cmsis/system_stm32f10x.o
                0x0000000020000030                SystemCoreClock
 .data.TM_Font_7x10
                0x0000000020000034        0x8 ./src/tm_stm32f10_fonts.o
                0x0000000020000034                TM_Font_7x10
 .data.TM_Font_11x18
                0x000000002000003c        0x8 ./src/tm_stm32f10_fonts.o
                0x000000002000003c                TM_Font_11x18
 .data.TM_I2C_INT_Clocks
                0x0000000020000044        0xc ./src/tm_stm32f10_i2c.o
 .data.impure_data
                0x0000000020000050       0x60 /usr/lib/gcc/arm-none-eabi/5.3.0/../../../../arm-none-eabi/lib/armv7-m/libg_nano.a(lib_a-impure.o)
 .data._impure_ptr
                0x00000000200000b0        0x4 /usr/lib/gcc/arm-none-eabi/5.3.0/../../../../arm-none-eabi/lib/armv7-m/libg_nano.a(lib_a-impure.o)
                0x00000000200000b0                _impure_ptr
 *(.data_end .data_end.*)
 .data_end      0x00000000200000b4        0x4 ./system/src/newlib/_startup.o
                0x00000000200000b8                . = ALIGN (0x4)
                0x00000000200000b8                _edata = .
                0x00000000200000b8                __data_end__ = .

.igot.plt       0x00000000200000b8        0x0 load address 0x00000000080042e4
 .igot.plt      0x00000000200000b8        0x0 ./system/src/stm32f1-stdperiph/misc.o

.bss_CCMRAM     0x0000000000000000        0x0
 *(.bss.CCMRAM .bss.CCMRAM.*)

.bss            0x00000000200000b8      0x4ac
                0x00000000200000b8                __bss_start__ = .
                0x00000000200000b8                _sbss = .
 *(.bss_begin .bss_begin.*)
 .bss_begin     0x00000000200000b8        0x4 ./system/src/newlib/_startup.o
 *(.bss .bss.*)
 .bss.current_heap_end.3914
                0x00000000200000bc        0x4 ./system/src/newlib/_sbrk.o
 .bss.name.4230
                0x00000000200000c0        0x1 ./system/src/newlib/_syscalls.o
 *fill*         0x00000000200000c1        0x3 
 .bss.buf.5050  0x00000000200000c4       0x80 ./system/src/diag/Trace.o
 .bss.handle.6597
                0x0000000020000144        0x4 ./system/src/diag/trace_impl.o
 .bss.TM_I2C_Timeout
                0x0000000020000148        0x4 ./src/tm_stm32f10_i2c.o
 .bss.SSD1306_Buffer
                0x000000002000014c      0x400 ./src/tm_stm32f10_ssd1306.o
 .bss.SSD1306   0x000000002000054c        0x6 ./src/tm_stm32f10_ssd1306.o
 *fill*         0x0000000020000552        0x2 
 .bss.__malloc_sbrk_start
                0x0000000020000554        0x4 /usr/lib/gcc/arm-none-eabi/5.3.0/../../../../arm-none-eabi/lib/armv7-m/libg_nano.a(lib_a-nano-mallocr.o)
                0x0000000020000554                __malloc_sbrk_start
 .bss.__malloc_free_list
                0x0000000020000558        0x4 /usr/lib/gcc/arm-none-eabi/5.3.0/../../../../arm-none-eabi/lib/armv7-m/libg_nano.a(lib_a-nano-mallocr.o)
                0x0000000020000558                __malloc_free_list
 *(COMMON)
 COMMON         0x000000002000055c        0x4 ./system/src/newlib/_syscalls.o
                0x000000002000055c                errno
 *(.bss_end .bss_end.*)
 .bss_end       0x0000000020000560        0x4 ./system/src/newlib/_startup.o
                0x0000000020000564                . = ALIGN (0x4)
                0x0000000020000564                __bss_end__ = .
                0x0000000020000564                _ebss = .

.noinit_CCMRAM
 *(.noinit.CCMRAM .noinit.CCMRAM.*)

.noinit         0x0000000020000564        0x0
                0x0000000020000564                _noinit = .
 *(.noinit .noinit.*)
                0x0000000020000564                . = ALIGN (0x4)
                0x0000000020000564                _end_noinit = .
                [!provide]                        PROVIDE (end, _end_noinit)
                [!provide]                        PROVIDE (_end, _end_noinit)
                [!provide]                        PROVIDE (__end, _end_noinit)
                [!provide]                        PROVIDE (__end__, _end_noinit)

._check_stack   0x0000000020000564      0x100
                0x0000000020000664                . = (. + _Minimum_Stack_Size)
 *fill*         0x0000000020000564      0x100 

.b1text
 *(.b1text)
 *(.b1rodata)
 *(.b1rodata.*)

.eb0text
 *(.eb0text)
 *(.eb0rodata)
 *(.eb0rodata.*)

.eb1text
 *(.eb1text)
 *(.eb1rodata)
 *(.eb1rodata.*)

.eb2text
 *(.eb2text)
 *(.eb2rodata)
 *(.eb2rodata.*)

.eb3text
 *(.eb3text)
 *(.eb3rodata)
 *(.eb3rodata.*)

.stab
 *(.stab)

.stabstr
 *(.stabstr)

.stab.excl
 *(.stab.excl)

.stab.exclstr
 *(.stab.exclstr)

.stab.index
 *(.stab.index)

.stab.indexstr
 *(.stab.indexstr)

.comment        0x0000000000000000       0x1d
 *(.comment)
 .comment       0x0000000000000000       0x1d ./system/src/stm32f1-stdperiph/misc.o
                                         0x1e (size before relaxing)
 .comment       0x000000000000001d       0x1e ./system/src/stm32f1-stdperiph/stm32f10x_dma.o
 .comment       0x000000000000001d       0x1e ./system/src/stm32f1-stdperiph/stm32f10x_gpio.o
 .comment       0x000000000000001d       0x1e ./system/src/stm32f1-stdperiph/stm32f10x_i2c.o
 .comment       0x000000000000001d       0x1e ./system/src/stm32f1-stdperiph/stm32f10x_rcc.o
 .comment       0x000000000000001d       0x1e ./system/src/newlib/_exit.o
 .comment       0x000000000000001d       0x1e ./system/src/newlib/_sbrk.o
 .comment       0x000000000000001d       0x1e ./system/src/newlib/_startup.o
 .comment       0x000000000000001d       0x1e ./system/src/newlib/_syscalls.o
 .comment       0x000000000000001d       0x1e ./system/src/newlib/assert.o
 .comment       0x000000000000001d       0x1e ./system/src/diag/Trace.o
 .comment       0x000000000000001d       0x1e ./system/src/diag/trace_impl.o
 .comment       0x000000000000001d       0x1e ./system/src/cortexm/_initialize_hardware.o
 .comment       0x000000000000001d       0x1e ./system/src/cortexm/exception_handlers.o
 .comment       0x000000000000001d       0x1e ./system/src/cmsis/system_stm32f10x.o
 .comment       0x000000000000001d       0x1e ./system/src/cmsis/vectors_stm32f10x.o
 .comment       0x000000000000001d       0x1e ./src/main.o
 .comment       0x000000000000001d       0x1e ./src/tm_stm32f10_fonts.o
 .comment       0x000000000000001d       0x1e ./src/tm_stm32f10_i2c.o
 .comment       0x000000000000001d       0x1e ./src/tm_stm32f10_ssd1306.o

.ARM.attributes
                0x0000000000000000       0x31
 .ARM.attributes
                0x0000000000000000       0x33 ./system/src/stm32f1-stdperiph/misc.o
 .ARM.attributes
                0x0000000000000033       0x33 ./system/src/stm32f1-stdperiph/stm32f10x_dma.o
 .ARM.attributes
                0x0000000000000066       0x33 ./system/src/stm32f1-stdperiph/stm32f10x_gpio.o
 .ARM.attributes
                0x0000000000000099       0x33 ./system/src/stm32f1-stdperiph/stm32f10x_i2c.o
 .ARM.attributes
                0x00000000000000cc       0x33 ./system/src/stm32f1-stdperiph/stm32f10x_rcc.o
 .ARM.attributes
                0x00000000000000ff       0x33 ./system/src/newlib/_exit.o
 .ARM.attributes
                0x0000000000000132       0x33 ./system/src/newlib/_sbrk.o
 .ARM.attributes
                0x0000000000000165       0x33 ./system/src/newlib/_startup.o
 .ARM.attributes
                0x0000000000000198       0x33 ./system/src/newlib/_syscalls.o
 .ARM.attributes
                0x00000000000001cb       0x33 ./system/src/newlib/assert.o
 .ARM.attributes
                0x00000000000001fe       0x33 ./system/src/diag/Trace.o
 .ARM.attributes
                0x0000000000000231       0x33 ./system/src/diag/trace_impl.o
 .ARM.attributes
                0x0000000000000264       0x33 ./system/src/cortexm/_initialize_hardware.o
 .ARM.attributes
                0x0000000000000297       0x33 ./system/src/cortexm/exception_handlers.o
 .ARM.attributes
                0x00000000000002ca       0x33 ./system/src/cmsis/system_stm32f10x.o
 .ARM.attributes
                0x00000000000002fd       0x33 ./system/src/cmsis/vectors_stm32f10x.o
 .ARM.attributes
                0x0000000000000330       0x33 ./src/main.o
 .ARM.attributes
                0x0000000000000363       0x33 ./src/tm_stm32f10_fonts.o
 .ARM.attributes
                0x0000000000000396       0x33 ./src/tm_stm32f10_i2c.o
 .ARM.attributes
                0x00000000000003c9       0x33 ./src/tm_stm32f10_ssd1306.o
 .ARM.attributes
                0x00000000000003fc       0x2d /usr/lib/gcc/arm-none-eabi/5.3.0/../../../../arm-none-eabi/lib/armv7-m/libg_nano.a(lib_a-errno.o)
 .ARM.attributes
                0x0000000000000429       0x2d /usr/lib/gcc/arm-none-eabi/5.3.0/../../../../arm-none-eabi/lib/armv7-m/libg_nano.a(lib_a-impure.o)
 .ARM.attributes
                0x0000000000000456       0x2d /usr/lib/gcc/arm-none-eabi/5.3.0/../../../../arm-none-eabi/lib/armv7-m/libg_nano.a(lib_a-memset.o)
 .ARM.attributes
                0x0000000000000483       0x2d /usr/lib/gcc/arm-none-eabi/5.3.0/../../../../arm-none-eabi/lib/armv7-m/libg_nano.a(lib_a-sprintf.o)
 .ARM.attributes
                0x00000000000004b0       0x1b /usr/lib/gcc/arm-none-eabi/5.3.0/../../../../arm-none-eabi/lib/armv7-m/libg_nano.a(lib_a-strcmp.o)
 .ARM.attributes
                0x00000000000004cb       0x17 /usr/lib/gcc/arm-none-eabi/5.3.0/../../../../arm-none-eabi/lib/armv7-m/libg_nano.a(lib_a-strlen.o)
 .ARM.attributes
                0x00000000000004e2       0x2d /usr/lib/gcc/arm-none-eabi/5.3.0/../../../../arm-none-eabi/lib/armv7-m/libg_nano.a(lib_a-vsnprintf.o)
 .ARM.attributes
                0x000000000000050f       0x2d /usr/lib/gcc/arm-none-eabi/5.3.0/../../../../arm-none-eabi/lib/armv7-m/libg_nano.a(lib_a-nano-svfprintf.o)
 .ARM.attributes
                0x000000000000053c       0x2d /usr/lib/gcc/arm-none-eabi/5.3.0/../../../../arm-none-eabi/lib/armv7-m/libg_nano.a(lib_a-nano-vfprintf_i.o)
 .ARM.attributes
                0x0000000000000569       0x2d /usr/lib/gcc/arm-none-eabi/5.3.0/../../../../arm-none-eabi/lib/armv7-m/libg_nano.a(lib_a-memchr-stub.o)
 .ARM.attributes
                0x0000000000000596       0x2d /usr/lib/gcc/arm-none-eabi/5.3.0/../../../../arm-none-eabi/lib/armv7-m/libg_nano.a(lib_a-memcpy-stub.o)
 .ARM.attributes
                0x00000000000005c3       0x2d /usr/lib/gcc/arm-none-eabi/5.3.0/../../../../arm-none-eabi/lib/armv7-m/libg_nano.a(lib_a-memmove.o)
 .ARM.attributes
                0x00000000000005f0       0x2d /usr/lib/gcc/arm-none-eabi/5.3.0/../../../../arm-none-eabi/lib/armv7-m/libg_nano.a(lib_a-nano-freer.o)
 .ARM.attributes
                0x000000000000061d       0x2d /usr/lib/gcc/arm-none-eabi/5.3.0/../../../../arm-none-eabi/lib/armv7-m/libg_nano.a(lib_a-nano-mallocr.o)
 .ARM.attributes
                0x000000000000064a       0x2d /usr/lib/gcc/arm-none-eabi/5.3.0/../../../../arm-none-eabi/lib/armv7-m/libg_nano.a(lib_a-nano-reallocr.o)
 .ARM.attributes
                0x0000000000000677       0x2d /usr/lib/gcc/arm-none-eabi/5.3.0/../../../../arm-none-eabi/lib/armv7-m/libg_nano.a(lib_a-sbrkr.o)
 .ARM.attributes
                0x00000000000006a4       0x2d /usr/lib/gcc/arm-none-eabi/5.3.0/../../../../arm-none-eabi/lib/armv7-m/libg_nano.a(lib_a-nano-msizer.o)

.debug
 *(.debug)

.line
 *(.line)

.debug_srcinfo
 *(.debug_srcinfo)

.debug_sfnames
 *(.debug_sfnames)

.debug_aranges  0x0000000000000000      0x780
 *(.debug_aranges)
 .debug_aranges
                0x0000000000000000       0x40 ./system/src/stm32f1-stdperiph/misc.o
 .debug_aranges
                0x0000000000000040       0x70 ./system/src/stm32f1-stdperiph/stm32f10x_dma.o
 .debug_aranges
                0x00000000000000b0       0xa8 ./system/src/stm32f1-stdperiph/stm32f10x_gpio.o
 .debug_aranges
                0x0000000000000158      0x120 ./system/src/stm32f1-stdperiph/stm32f10x_i2c.o
 .debug_aranges
                0x0000000000000278      0x118 ./system/src/stm32f1-stdperiph/stm32f10x_rcc.o
 .debug_aranges
                0x0000000000000390       0x28 ./system/src/newlib/_exit.o
 .debug_aranges
                0x00000000000003b8       0x20 ./system/src/newlib/_sbrk.o
 .debug_aranges
                0x00000000000003d8       0x40 ./system/src/newlib/_startup.o
 .debug_aranges
                0x0000000000000418       0x30 ./system/src/newlib/_syscalls.o
 .debug_aranges
                0x0000000000000448       0x28 ./system/src/newlib/assert.o
 .debug_aranges
                0x0000000000000470       0x38 ./system/src/diag/Trace.o
 .debug_aranges
                0x00000000000004a8       0x30 ./system/src/diag/trace_impl.o
 .debug_aranges
                0x00000000000004d8       0x28 ./system/src/cortexm/_initialize_hardware.o
 .debug_aranges
                0x0000000000000500       0x90 ./system/src/cortexm/exception_handlers.o
 .debug_aranges
                0x0000000000000590       0x38 ./system/src/cmsis/system_stm32f10x.o
 .debug_aranges
                0x00000000000005c8       0x20 ./system/src/cmsis/vectors_stm32f10x.o
 .debug_aranges
                0x00000000000005e8       0x20 ./src/main.o
 .debug_aranges
                0x0000000000000608       0x20 ./src/tm_stm32f10_fonts.o
 .debug_aranges
                0x0000000000000628       0xa0 ./src/tm_stm32f10_i2c.o
 .debug_aranges
                0x00000000000006c8       0xb8 ./src/tm_stm32f10_ssd1306.o

.debug_pubnames
 *(.debug_pubnames)

.debug_info     0x0000000000000000     0x891a
 *(.debug_info .gnu.linkonce.wi.*)
 .debug_info    0x0000000000000000      0x62e ./system/src/stm32f1-stdperiph/misc.o
 .debug_info    0x000000000000062e      0x6ec ./system/src/stm32f1-stdperiph/stm32f10x_dma.o
 .debug_info    0x0000000000000d1a      0xbcb ./system/src/stm32f1-stdperiph/stm32f10x_gpio.o
 .debug_info    0x00000000000018e5     0x12cd ./system/src/stm32f1-stdperiph/stm32f10x_i2c.o
 .debug_info    0x0000000000002bb2      0xc66 ./system/src/stm32f1-stdperiph/stm32f10x_rcc.o
 .debug_info    0x0000000000003818       0xef ./system/src/newlib/_exit.o
 .debug_info    0x0000000000003907      0x11f ./system/src/newlib/_sbrk.o
 .debug_info    0x0000000000003a26      0x454 ./system/src/newlib/_startup.o
 .debug_info    0x0000000000003e7a      0x1bc ./system/src/newlib/_syscalls.o
 .debug_info    0x0000000000004036      0x1a3 ./system/src/newlib/assert.o
 .debug_info    0x00000000000041d9      0x2e7 ./system/src/diag/Trace.o
 .debug_info    0x00000000000044c0      0x2ed ./system/src/diag/trace_impl.o
 .debug_info    0x00000000000047ad      0x29c ./system/src/cortexm/_initialize_hardware.o
 .debug_info    0x0000000000004a49      0x90f ./system/src/cortexm/exception_handlers.o
 .debug_info    0x0000000000005358      0x478 ./system/src/cmsis/system_stm32f10x.o
 .debug_info    0x00000000000057d0       0xd1 ./system/src/cmsis/vectors_stm32f10x.o
 .debug_info    0x00000000000058a1      0x495 ./src/main.o
 .debug_info    0x0000000000005d36      0x249 ./src/tm_stm32f10_fonts.o
 .debug_info    0x0000000000005f7f      0xfb2 ./src/tm_stm32f10_i2c.o
 .debug_info    0x0000000000006f31     0x19e9 ./src/tm_stm32f10_ssd1306.o

.debug_abbrev   0x0000000000000000     0x1d16
 *(.debug_abbrev)
 .debug_abbrev  0x0000000000000000      0x181 ./system/src/stm32f1-stdperiph/misc.o
 .debug_abbrev  0x0000000000000181      0x1a0 ./system/src/stm32f1-stdperiph/stm32f10x_dma.o
 .debug_abbrev  0x0000000000000321      0x1f4 ./system/src/stm32f1-stdperiph/stm32f10x_gpio.o
 .debug_abbrev  0x0000000000000515      0x1de ./system/src/stm32f1-stdperiph/stm32f10x_i2c.o
 .debug_abbrev  0x00000000000006f3      0x1f8 ./system/src/stm32f1-stdperiph/stm32f10x_rcc.o
 .debug_abbrev  0x00000000000008eb       0x8e ./system/src/newlib/_exit.o
 .debug_abbrev  0x0000000000000979       0xb9 ./system/src/newlib/_sbrk.o
 .debug_abbrev  0x0000000000000a32      0x1ac ./system/src/newlib/_startup.o
 .debug_abbrev  0x0000000000000bde       0xec ./system/src/newlib/_syscalls.o
 .debug_abbrev  0x0000000000000cca       0xab ./system/src/newlib/assert.o
 .debug_abbrev  0x0000000000000d75      0x156 ./system/src/diag/Trace.o
 .debug_abbrev  0x0000000000000ecb      0x1b0 ./system/src/diag/trace_impl.o
 .debug_abbrev  0x000000000000107b       0xea ./system/src/cortexm/_initialize_hardware.o
 .debug_abbrev  0x0000000000001165      0x245 ./system/src/cortexm/exception_handlers.o
 .debug_abbrev  0x00000000000013aa      0x159 ./system/src/cmsis/system_stm32f10x.o
 .debug_abbrev  0x0000000000001503       0x9d ./system/src/cmsis/vectors_stm32f10x.o
 .debug_abbrev  0x00000000000015a0      0x19b ./src/main.o
 .debug_abbrev  0x000000000000173b      0x114 ./src/tm_stm32f10_fonts.o
 .debug_abbrev  0x000000000000184f      0x21d ./src/tm_stm32f10_i2c.o
 .debug_abbrev  0x0000000000001a6c      0x2aa ./src/tm_stm32f10_ssd1306.o

.debug_line     0x0000000000000000     0x5d9b
 *(.debug_line)
 .debug_line    0x0000000000000000      0x3db ./system/src/stm32f1-stdperiph/misc.o
 .debug_line    0x00000000000003db      0x831 ./system/src/stm32f1-stdperiph/stm32f10x_dma.o
 .debug_line    0x0000000000000c0c      0x8b8 ./system/src/stm32f1-stdperiph/stm32f10x_gpio.o
 .debug_line    0x00000000000014c4      0x9c7 ./system/src/stm32f1-stdperiph/stm32f10x_i2c.o
 .debug_line    0x0000000000001e8b      0x802 ./system/src/stm32f1-stdperiph/stm32f10x_rcc.o
 .debug_line    0x000000000000268d      0x1fa ./system/src/newlib/_exit.o
 .debug_line    0x0000000000002887      0x1ac ./system/src/newlib/_sbrk.o
 .debug_line    0x0000000000002a33      0x262 ./system/src/newlib/_startup.o
 .debug_line    0x0000000000002c95      0x2bf ./system/src/newlib/_syscalls.o
 .debug_line    0x0000000000002f54      0x235 ./system/src/newlib/assert.o
 .debug_line    0x0000000000003189      0x259 ./system/src/diag/Trace.o
 .debug_line    0x00000000000033e2      0x4d7 ./system/src/diag/trace_impl.o
 .debug_line    0x00000000000038b9      0x33f ./system/src/cortexm/_initialize_hardware.o
 .debug_line    0x0000000000003bf8      0x58f ./system/src/cortexm/exception_handlers.o
 .debug_line    0x0000000000004187      0x39f ./system/src/cmsis/system_stm32f10x.o
 .debug_line    0x0000000000004526       0xcf ./system/src/cmsis/vectors_stm32f10x.o
 .debug_line    0x00000000000045f5      0x524 ./src/main.o
 .debug_line    0x0000000000004b19      0x42d ./src/tm_stm32f10_fonts.o
 .debug_line    0x0000000000004f46      0x68f ./src/tm_stm32f10_i2c.o
 .debug_line    0x00000000000055d5      0x7c6 ./src/tm_stm32f10_ssd1306.o

.debug_frame    0x0000000000000000     0x16fc
 *(.debug_frame)
 .debug_frame   0x0000000000000000       0x90 ./system/src/stm32f1-stdperiph/misc.o
 .debug_frame   0x0000000000000090      0x120 ./system/src/stm32f1-stdperiph/stm32f10x_dma.o
 .debug_frame   0x00000000000001b0      0x1e8 ./system/src/stm32f1-stdperiph/stm32f10x_gpio.o
 .debug_frame   0x0000000000000398      0x3a0 ./system/src/stm32f1-stdperiph/stm32f10x_i2c.o
 .debug_frame   0x0000000000000738      0x31c ./system/src/stm32f1-stdperiph/stm32f10x_rcc.o
 .debug_frame   0x0000000000000a54       0x38 ./system/src/newlib/_exit.o
 .debug_frame   0x0000000000000a8c       0x28 ./system/src/newlib/_sbrk.o
 .debug_frame   0x0000000000000ab4       0x7c ./system/src/newlib/_startup.o
 .debug_frame   0x0000000000000b30       0x50 ./system/src/newlib/_syscalls.o
 .debug_frame   0x0000000000000b80       0x40 ./system/src/newlib/assert.o
 .debug_frame   0x0000000000000bc0       0x94 ./system/src/diag/Trace.o
 .debug_frame   0x0000000000000c54       0x5c ./system/src/diag/trace_impl.o
 .debug_frame   0x0000000000000cb0       0x40 ./system/src/cortexm/_initialize_hardware.o
 .debug_frame   0x0000000000000cf0      0x164 ./system/src/cortexm/exception_handlers.o
 .debug_frame   0x0000000000000e54       0x68 ./system/src/cmsis/system_stm32f10x.o
 .debug_frame   0x0000000000000ebc       0x20 ./system/src/cmsis/vectors_stm32f10x.o
 .debug_frame   0x0000000000000edc       0x2c ./src/main.o
 .debug_frame   0x0000000000000f08       0x2c ./src/tm_stm32f10_fonts.o
 .debug_frame   0x0000000000000f34      0x1e8 ./src/tm_stm32f10_i2c.o
 .debug_frame   0x000000000000111c      0x280 ./src/tm_stm32f10_ssd1306.o
 .debug_frame   0x000000000000139c       0x20 /usr/lib/gcc/arm-none-eabi/5.3.0/../../../../arm-none-eabi/lib/armv7-m/libg_nano.a(lib_a-errno.o)
 .debug_frame   0x00000000000013bc       0x20 /usr/lib/gcc/arm-none-eabi/5.3.0/../../../../arm-none-eabi/lib/armv7-m/libg_nano.a(lib_a-memset.o)
 .debug_frame   0x00000000000013dc       0x70 /usr/lib/gcc/arm-none-eabi/5.3.0/../../../../arm-none-eabi/lib/armv7-m/libg_nano.a(lib_a-sprintf.o)
 .debug_frame   0x000000000000144c       0x20 /usr/lib/gcc/arm-none-eabi/5.3.0/../../../../arm-none-eabi/lib/armv7-m/libg_nano.a(lib_a-strcmp.o)
 .debug_frame   0x000000000000146c       0x48 /usr/lib/gcc/arm-none-eabi/5.3.0/../../../../arm-none-eabi/lib/armv7-m/libg_nano.a(lib_a-vsnprintf.o)
 .debug_frame   0x00000000000014b4       0x90 /usr/lib/gcc/arm-none-eabi/5.3.0/../../../../arm-none-eabi/lib/armv7-m/libg_nano.a(lib_a-nano-svfprintf.o)
 .debug_frame   0x0000000000001544       0x60 /usr/lib/gcc/arm-none-eabi/5.3.0/../../../../arm-none-eabi/lib/armv7-m/libg_nano.a(lib_a-nano-vfprintf_i.o)
 .debug_frame   0x00000000000015a4       0x28 /usr/lib/gcc/arm-none-eabi/5.3.0/../../../../arm-none-eabi/lib/armv7-m/libg_nano.a(lib_a-memchr-stub.o)
 .debug_frame   0x00000000000015cc       0x28 /usr/lib/gcc/arm-none-eabi/5.3.0/../../../../arm-none-eabi/lib/armv7-m/libg_nano.a(lib_a-memcpy-stub.o)
 .debug_frame   0x00000000000015f4       0x28 /usr/lib/gcc/arm-none-eabi/5.3.0/../../../../arm-none-eabi/lib/armv7-m/libg_nano.a(lib_a-memmove.o)
 .debug_frame   0x000000000000161c       0x2c /usr/lib/gcc/arm-none-eabi/5.3.0/../../../../arm-none-eabi/lib/armv7-m/libg_nano.a(lib_a-nano-freer.o)
 .debug_frame   0x0000000000001648       0x2c /usr/lib/gcc/arm-none-eabi/5.3.0/../../../../arm-none-eabi/lib/armv7-m/libg_nano.a(lib_a-nano-mallocr.o)
 .debug_frame   0x0000000000001674       0x3c /usr/lib/gcc/arm-none-eabi/5.3.0/../../../../arm-none-eabi/lib/armv7-m/libg_nano.a(lib_a-nano-reallocr.o)
 .debug_frame   0x00000000000016b0       0x2c /usr/lib/gcc/arm-none-eabi/5.3.0/../../../../arm-none-eabi/lib/armv7-m/libg_nano.a(lib_a-sbrkr.o)
 .debug_frame   0x00000000000016dc       0x20 /usr/lib/gcc/arm-none-eabi/5.3.0/../../../../arm-none-eabi/lib/armv7-m/libg_nano.a(lib_a-nano-msizer.o)

.debug_str      0x0000000000000000    0x57742
 *(.debug_str)
 .debug_str     0x0000000000000000    0x4e0c4 ./system/src/stm32f1-stdperiph/misc.o
                                      0x4e240 (size before relaxing)
 .debug_str     0x000000000004e0c4      0x6ef ./system/src/stm32f1-stdperiph/stm32f10x_dma.o
                                      0x4e6e9 (size before relaxing)
 .debug_str     0x000000000004e7b3      0x5c3 ./system/src/stm32f1-stdperiph/stm32f10x_gpio.o
                                      0x4e5be (size before relaxing)
 .debug_str     0x000000000004ed76      0x912 ./system/src/stm32f1-stdperiph/stm32f10x_i2c.o
                                      0x4e972 (size before relaxing)
 .debug_str     0x000000000004f688      0xaaa ./system/src/stm32f1-stdperiph/stm32f10x_rcc.o
                                      0x4eb8d (size before relaxing)
 .debug_str     0x0000000000050132     0x3d9e ./system/src/newlib/_exit.o
                                       0x639b (size before relaxing)
 .debug_str     0x0000000000053ed0      0x4de ./system/src/newlib/_sbrk.o
                                       0x57ac (size before relaxing)
 .debug_str     0x00000000000543ae      0x271 ./system/src/newlib/_startup.o
                                       0x5347 (size before relaxing)
 .debug_str     0x000000000005461f     0x13bb ./system/src/newlib/_syscalls.o
                                       0x6ba9 (size before relaxing)
 .debug_str     0x00000000000559da       0xdf ./system/src/newlib/assert.o
                                       0x6ea4 (size before relaxing)
 .debug_str     0x0000000000055ab9      0x9b3 ./system/src/diag/Trace.o
                                       0x6cab (size before relaxing)
 .debug_str     0x000000000005646c      0x35e ./system/src/diag/trace_impl.o
                                      0x51425 (size before relaxing)
 .debug_str     0x00000000000567ca       0x5e ./system/src/cortexm/_initialize_hardware.o
                                      0x4e0a8 (size before relaxing)
 .debug_str     0x0000000000056828      0x1e7 ./system/src/cortexm/exception_handlers.o
                                      0x5225b (size before relaxing)
 .debug_str     0x0000000000056a0f       0xa6 ./system/src/cmsis/system_stm32f10x.o
                                      0x4e152 (size before relaxing)
 .debug_str     0x0000000000056ab5       0x57 ./system/src/cmsis/vectors_stm32f10x.o
                                       0x2fe7 (size before relaxing)
 .debug_str     0x0000000000056b0c      0x3e3 ./src/main.o
                                      0x52bb9 (size before relaxing)
 .debug_str     0x0000000000056eef       0x7f ./src/tm_stm32f10_fonts.o
                                      0x50c86 (size before relaxing)
 .debug_str     0x0000000000056f6e      0x206 ./src/tm_stm32f10_i2c.o
                                      0x51958 (size before relaxing)
 .debug_str     0x0000000000057174      0x5ce ./src/tm_stm32f10_ssd1306.o
                                      0x5196a (size before relaxing)

.debug_loc      0x0000000000000000     0x4307
 *(.debug_loc)
 .debug_loc     0x0000000000000000      0x1b5 ./system/src/stm32f1-stdperiph/misc.o
 .debug_loc     0x00000000000001b5      0x373 ./system/src/stm32f1-stdperiph/stm32f10x_dma.o
 .debug_loc     0x0000000000000528      0x776 ./system/src/stm32f1-stdperiph/stm32f10x_gpio.o
 .debug_loc     0x0000000000000c9e      0xd08 ./system/src/stm32f1-stdperiph/stm32f10x_i2c.o
 .debug_loc     0x00000000000019a6      0x91f ./system/src/stm32f1-stdperiph/stm32f10x_rcc.o
 .debug_loc     0x00000000000022c5       0x82 ./system/src/newlib/_sbrk.o
 .debug_loc     0x0000000000002347      0x265 ./system/src/newlib/_startup.o
 .debug_loc     0x00000000000025ac       0x63 ./system/src/newlib/_syscalls.o
 .debug_loc     0x000000000000260f      0x110 ./system/src/newlib/assert.o
 .debug_loc     0x000000000000271f      0x102 ./system/src/diag/Trace.o
 .debug_loc     0x0000000000002821      0x125 ./system/src/diag/trace_impl.o
 .debug_loc     0x0000000000002946      0x39d ./system/src/cortexm/exception_handlers.o
 .debug_loc     0x0000000000002ce3       0xdf ./system/src/cmsis/system_stm32f10x.o
 .debug_loc     0x0000000000002dc2       0x49 ./src/main.o
 .debug_loc     0x0000000000002e0b       0x5d ./src/tm_stm32f10_fonts.o
 .debug_loc     0x0000000000002e68      0x8a7 ./src/tm_stm32f10_i2c.o
 .debug_loc     0x000000000000370f      0xbf8 ./src/tm_stm32f10_ssd1306.o

.debug_macinfo
 *(.debug_macinfo)

.debug_weaknames
 *(.debug_weaknames)

.debug_funcnames
 *(.debug_funcnames)

.debug_typenames
 *(.debug_typenames)

.debug_varnames
 *(.debug_varnames)
OUTPUT(i2c_oled_new.elf elf32-littlearm)

.debug_ranges   0x0000000000000000      0x670
 .debug_ranges  0x0000000000000000       0x30 ./system/src/stm32f1-stdperiph/misc.o
 .debug_ranges  0x0000000000000030       0x60 ./system/src/stm32f1-stdperiph/stm32f10x_dma.o
 .debug_ranges  0x0000000000000090       0x98 ./system/src/stm32f1-stdperiph/stm32f10x_gpio.o
 .debug_ranges  0x0000000000000128      0x110 ./system/src/stm32f1-stdperiph/stm32f10x_i2c.o
 .debug_ranges  0x0000000000000238      0x108 ./system/src/stm32f1-stdperiph/stm32f10x_rcc.o
 .debug_ranges  0x0000000000000340       0x18 ./system/src/newlib/_exit.o
 .debug_ranges  0x0000000000000358       0x10 ./system/src/newlib/_sbrk.o
 .debug_ranges  0x0000000000000368       0x48 ./system/src/newlib/_startup.o
 .debug_ranges  0x00000000000003b0       0x20 ./system/src/newlib/_syscalls.o
 .debug_ranges  0x00000000000003d0       0x18 ./system/src/newlib/assert.o
 .debug_ranges  0x00000000000003e8       0x28 ./system/src/diag/Trace.o
 .debug_ranges  0x0000000000000410       0x20 ./system/src/diag/trace_impl.o
 .debug_ranges  0x0000000000000430       0x18 ./system/src/cortexm/_initialize_hardware.o
 .debug_ranges  0x0000000000000448       0x98 ./system/src/cortexm/exception_handlers.o
 .debug_ranges  0x00000000000004e0       0x28 ./system/src/cmsis/system_stm32f10x.o
 .debug_ranges  0x0000000000000508       0x10 ./system/src/cmsis/vectors_stm32f10x.o
 .debug_ranges  0x0000000000000518       0x10 ./src/main.o
 .debug_ranges  0x0000000000000528       0x10 ./src/tm_stm32f10_fonts.o
 .debug_ranges  0x0000000000000538       0x90 ./src/tm_stm32f10_i2c.o
 .debug_ranges  0x00000000000005c8       0xa8 ./src/tm_stm32f10_ssd1306.o

.debug_macro    0x0000000000000000    0x10ba0
 .debug_macro   0x0000000000000000      0x170 ./system/src/stm32f1-stdperiph/misc.o
 .debug_macro   0x0000000000000170      0x88c ./system/src/stm32f1-stdperiph/misc.o
 .debug_macro   0x00000000000009fc       0x50 ./system/src/stm32f1-stdperiph/misc.o
 .debug_macro   0x0000000000000a4c      0x34e ./system/src/stm32f1-stdperiph/misc.o
 .debug_macro   0x0000000000000d9a       0x35 ./system/src/stm32f1-stdperiph/misc.o
 .debug_macro   0x0000000000000dcf       0x34 ./system/src/stm32f1-stdperiph/misc.o
 .debug_macro   0x0000000000000e03      0xb8e ./system/src/stm32f1-stdperiph/misc.o
 .debug_macro   0x0000000000001991     0x7dbe ./system/src/stm32f1-stdperiph/misc.o
 .debug_macro   0x000000000000974f       0x46 ./system/src/stm32f1-stdperiph/misc.o
 .debug_macro   0x0000000000009795      0x2e4 ./system/src/stm32f1-stdperiph/misc.o
 .debug_macro   0x0000000000009a79      0x144 ./system/src/stm32f1-stdperiph/misc.o
 .debug_macro   0x0000000000009bbd      0x3cf ./system/src/stm32f1-stdperiph/misc.o
 .debug_macro   0x0000000000009f8c       0xc8 ./system/src/stm32f1-stdperiph/misc.o
 .debug_macro   0x000000000000a054      0x17a ./system/src/stm32f1-stdperiph/misc.o
 .debug_macro   0x000000000000a1ce       0xac ./system/src/stm32f1-stdperiph/misc.o
 .debug_macro   0x000000000000a27a      0x3ad ./system/src/stm32f1-stdperiph/misc.o
 .debug_macro   0x000000000000a627       0x9d ./system/src/stm32f1-stdperiph/misc.o
 .debug_macro   0x000000000000a6c4      0x2cf ./system/src/stm32f1-stdperiph/misc.o
 .debug_macro   0x000000000000a993      0x279 ./system/src/stm32f1-stdperiph/misc.o
 .debug_macro   0x000000000000ac0c      0x2ac ./system/src/stm32f1-stdperiph/misc.o
 .debug_macro   0x000000000000aeb8      0x2b4 ./system/src/stm32f1-stdperiph/misc.o
 .debug_macro   0x000000000000b16c       0x64 ./system/src/stm32f1-stdperiph/misc.o
 .debug_macro   0x000000000000b1d0       0x82 ./system/src/stm32f1-stdperiph/misc.o
 .debug_macro   0x000000000000b252      0x3e2 ./system/src/stm32f1-stdperiph/misc.o
 .debug_macro   0x000000000000b634       0x58 ./system/src/stm32f1-stdperiph/misc.o
 .debug_macro   0x000000000000b68c      0x344 ./system/src/stm32f1-stdperiph/misc.o
 .debug_macro   0x000000000000b9d0      0x2c4 ./system/src/stm32f1-stdperiph/misc.o
 .debug_macro   0x000000000000bc94      0x711 ./system/src/stm32f1-stdperiph/misc.o
 .debug_macro   0x000000000000c3a5      0x222 ./system/src/stm32f1-stdperiph/misc.o
 .debug_macro   0x000000000000c5c7       0x34 ./system/src/stm32f1-stdperiph/misc.o
 .debug_macro   0x000000000000c5fb       0x35 ./system/src/stm32f1-stdperiph/misc.o
 .debug_macro   0x000000000000c630       0x85 ./system/src/stm32f1-stdperiph/misc.o
 .debug_macro   0x000000000000c6b5      0x1be ./system/src/stm32f1-stdperiph/stm32f10x_dma.o
 .debug_macro   0x000000000000c873      0x3a7 ./system/src/stm32f1-stdperiph/stm32f10x_dma.o
 .debug_macro   0x000000000000cc1a      0x1b8 ./system/src/stm32f1-stdperiph/stm32f10x_gpio.o
 .debug_macro   0x000000000000cdd2      0x2a6 ./system/src/stm32f1-stdperiph/stm32f10x_gpio.o
 .debug_macro   0x000000000000d078      0x23c ./system/src/stm32f1-stdperiph/stm32f10x_i2c.o
 .debug_macro   0x000000000000d2b4      0x2ae ./system/src/stm32f1-stdperiph/stm32f10x_i2c.o
 .debug_macro   0x000000000000d562      0x286 ./system/src/stm32f1-stdperiph/stm32f10x_rcc.o
 .debug_macro   0x000000000000d7e8      0x3dc ./system/src/stm32f1-stdperiph/stm32f10x_rcc.o
 .debug_macro   0x000000000000dbc4      0x131 ./system/src/newlib/_exit.o
 .debug_macro   0x000000000000dcf5       0x9c ./system/src/newlib/_exit.o
 .debug_macro   0x000000000000dd91      0x10e ./system/src/newlib/_exit.o
 .debug_macro   0x000000000000de9f       0x8d ./system/src/newlib/_exit.o
 .debug_macro   0x000000000000df2c       0x43 ./system/src/newlib/_exit.o
 .debug_macro   0x000000000000df6f      0x329 ./system/src/newlib/_exit.o
 .debug_macro   0x000000000000e298       0x35 ./system/src/newlib/_exit.o
 .debug_macro   0x000000000000e2cd       0xed ./system/src/newlib/_sbrk.o
 .debug_macro   0x000000000000e3ba      0x174 ./system/src/newlib/_sbrk.o
 .debug_macro   0x000000000000e52e       0x10 ./system/src/newlib/_sbrk.o
 .debug_macro   0x000000000000e53e      0x23b ./system/src/newlib/_sbrk.o
 .debug_macro   0x000000000000e779       0xf7 ./system/src/newlib/_startup.o
 .debug_macro   0x000000000000e870      0x1c6 ./system/src/newlib/_syscalls.o
 .debug_macro   0x000000000000ea36       0x1c ./system/src/newlib/_syscalls.o
 .debug_macro   0x000000000000ea52       0x10 ./system/src/newlib/_syscalls.o
 .debug_macro   0x000000000000ea62       0x10 ./system/src/newlib/_syscalls.o
 .debug_macro   0x000000000000ea72       0x10 ./system/src/newlib/_syscalls.o
 .debug_macro   0x000000000000ea82       0x10 ./system/src/newlib/_syscalls.o
 .debug_macro   0x000000000000ea92       0x35 ./system/src/newlib/_syscalls.o
 .debug_macro   0x000000000000eac7      0x122 ./system/src/newlib/_syscalls.o
 .debug_macro   0x000000000000ebe9       0x2e ./system/src/newlib/_syscalls.o
 .debug_macro   0x000000000000ec17       0x40 ./system/src/newlib/_syscalls.o
 .debug_macro   0x000000000000ec57       0x82 ./system/src/newlib/_syscalls.o
 .debug_macro   0x000000000000ecd9       0x2b ./system/src/newlib/_syscalls.o
 .debug_macro   0x000000000000ed04      0x118 ./system/src/newlib/_syscalls.o
 .debug_macro   0x000000000000ee1c      0x159 ./system/src/newlib/_syscalls.o
 .debug_macro   0x000000000000ef75       0x16 ./system/src/newlib/_syscalls.o
 .debug_macro   0x000000000000ef8b      0x14d ./system/src/newlib/assert.o
 .debug_macro   0x000000000000f0d8       0x1c ./system/src/newlib/assert.o
 .debug_macro   0x000000000000f0f4      0x15e ./system/src/diag/Trace.o
 .debug_macro   0x000000000000f252       0x16 ./system/src/diag/Trace.o
 .debug_macro   0x000000000000f268       0x97 ./system/src/diag/Trace.o
 .debug_macro   0x000000000000f2ff       0xfd ./system/src/diag/Trace.o
 .debug_macro   0x000000000000f3fc       0x10 ./system/src/diag/Trace.o
 .debug_macro   0x000000000000f40c       0x16 ./system/src/diag/Trace.o
 .debug_macro   0x000000000000f422      0x197 ./system/src/diag/Trace.o
 .debug_macro   0x000000000000f5b9       0x52 ./system/src/diag/Trace.o
 .debug_macro   0x000000000000f60b       0x16 ./system/src/diag/Trace.o
 .debug_macro   0x000000000000f621      0x256 ./system/src/diag/trace_impl.o
 .debug_macro   0x000000000000f877       0x10 ./system/src/diag/trace_impl.o
 .debug_macro   0x000000000000f887       0xcf ./system/src/diag/trace_impl.o
 .debug_macro   0x000000000000f956       0x19 ./system/src/diag/trace_impl.o
 .debug_macro   0x000000000000f96f       0xbe ./system/src/diag/trace_impl.o
 .debug_macro   0x000000000000fa2d       0x22 ./system/src/diag/trace_impl.o
 .debug_macro   0x000000000000fa4f      0x16a ./system/src/cortexm/_initialize_hardware.o
 .debug_macro   0x000000000000fbb9      0x2a8 ./system/src/cortexm/exception_handlers.o
 .debug_macro   0x000000000000fe61       0x3b ./system/src/cortexm/exception_handlers.o
 .debug_macro   0x000000000000fe9c       0x10 ./system/src/cortexm/exception_handlers.o
 .debug_macro   0x000000000000feac      0x16d ./system/src/cmsis/system_stm32f10x.o
 .debug_macro   0x0000000000010019       0x34 ./system/src/cmsis/vectors_stm32f10x.o
 .debug_macro   0x000000000001004d      0x2f8 ./src/main.o
 .debug_macro   0x0000000000010345       0x90 ./src/main.o
 .debug_macro   0x00000000000103d5       0x17 ./src/main.o
 .debug_macro   0x00000000000103ec      0x229 ./src/tm_stm32f10_fonts.o
 .debug_macro   0x0000000000010615      0x276 ./src/tm_stm32f10_i2c.o
 .debug_macro   0x000000000001088b       0x8a ./src/tm_stm32f10_i2c.o
 .debug_macro   0x0000000000010915      0x28b ./src/tm_stm32f10_ssd1306.o
