Archive member included to satisfy reference by file (symbol)

/usr/lib/gcc/arm-none-eabi/5.3.0/../../../../arm-none-eabi/lib/armv7-m/libg_nano.a(lib_a-errno.o)
                              ./system/src/newlib/_sbrk.o (__errno)
/usr/lib/gcc/arm-none-eabi/5.3.0/../../../../arm-none-eabi/lib/armv7-m/libg_nano.a(lib_a-impure.o)
                              /usr/lib/gcc/arm-none-eabi/5.3.0/../../../../arm-none-eabi/lib/armv7-m/libg_nano.a(lib_a-errno.o) (_impure_ptr)
/usr/lib/gcc/arm-none-eabi/5.3.0/../../../../arm-none-eabi/lib/armv7-m/libg_nano.a(lib_a-sprintf.o)
                              ./src/main.o (sprintf)
/usr/lib/gcc/arm-none-eabi/5.3.0/../../../../arm-none-eabi/lib/armv7-m/libg_nano.a(lib_a-strcmp.o)
                              ./system/src/cortexm/exception_handlers.o (strcmp)
/usr/lib/gcc/arm-none-eabi/5.3.0/../../../../arm-none-eabi/lib/armv7-m/libg_nano.a(lib_a-strlen.o)
                              ./system/src/diag/Trace.o (strlen)
/usr/lib/gcc/arm-none-eabi/5.3.0/../../../../arm-none-eabi/lib/armv7-m/libg_nano.a(lib_a-vsnprintf.o)
                              ./system/src/diag/Trace.o (vsnprintf)
/usr/lib/gcc/arm-none-eabi/5.3.0/../../../../arm-none-eabi/lib/armv7-m/libg_nano.a(lib_a-nano-svfprintf.o)
                              /usr/lib/gcc/arm-none-eabi/5.3.0/../../../../arm-none-eabi/lib/armv7-m/libg_nano.a(lib_a-sprintf.o) (_svfprintf_r)
/usr/lib/gcc/arm-none-eabi/5.3.0/../../../../arm-none-eabi/lib/armv7-m/libg_nano.a(lib_a-nano-vfprintf_i.o)
                              /usr/lib/gcc/arm-none-eabi/5.3.0/../../../../arm-none-eabi/lib/armv7-m/libg_nano.a(lib_a-nano-svfprintf.o) (_printf_i)
/usr/lib/gcc/arm-none-eabi/5.3.0/../../../../arm-none-eabi/lib/armv7-m/libg_nano.a(lib_a-memchr-stub.o)
                              /usr/lib/gcc/arm-none-eabi/5.3.0/../../../../arm-none-eabi/lib/armv7-m/libg_nano.a(lib_a-nano-svfprintf.o) (memchr)
/usr/lib/gcc/arm-none-eabi/5.3.0/../../../../arm-none-eabi/lib/armv7-m/libg_nano.a(lib_a-memcpy-stub.o)
                              /usr/lib/gcc/arm-none-eabi/5.3.0/../../../../arm-none-eabi/lib/armv7-m/libg_nano.a(lib_a-nano-svfprintf.o) (memcpy)
/usr/lib/gcc/arm-none-eabi/5.3.0/../../../../arm-none-eabi/lib/armv7-m/libg_nano.a(lib_a-memmove.o)
                              /usr/lib/gcc/arm-none-eabi/5.3.0/../../../../arm-none-eabi/lib/armv7-m/libg_nano.a(lib_a-nano-svfprintf.o) (memmove)
/usr/lib/gcc/arm-none-eabi/5.3.0/../../../../arm-none-eabi/lib/armv7-m/libg_nano.a(lib_a-nano-freer.o)
                              /usr/lib/gcc/arm-none-eabi/5.3.0/../../../../arm-none-eabi/lib/armv7-m/libg_nano.a(lib_a-nano-svfprintf.o) (_free_r)
/usr/lib/gcc/arm-none-eabi/5.3.0/../../../../arm-none-eabi/lib/armv7-m/libg_nano.a(lib_a-nano-mallocr.o)
                              /usr/lib/gcc/arm-none-eabi/5.3.0/../../../../arm-none-eabi/lib/armv7-m/libg_nano.a(lib_a-nano-svfprintf.o) (_malloc_r)
/usr/lib/gcc/arm-none-eabi/5.3.0/../../../../arm-none-eabi/lib/armv7-m/libg_nano.a(lib_a-nano-reallocr.o)
                              /usr/lib/gcc/arm-none-eabi/5.3.0/../../../../arm-none-eabi/lib/armv7-m/libg_nano.a(lib_a-nano-svfprintf.o) (_realloc_r)
/usr/lib/gcc/arm-none-eabi/5.3.0/../../../../arm-none-eabi/lib/armv7-m/libg_nano.a(lib_a-sbrkr.o)
                              /usr/lib/gcc/arm-none-eabi/5.3.0/../../../../arm-none-eabi/lib/armv7-m/libg_nano.a(lib_a-nano-mallocr.o) (_sbrk_r)
/usr/lib/gcc/arm-none-eabi/5.3.0/../../../../arm-none-eabi/lib/armv7-m/libg_nano.a(lib_a-nano-msizer.o)
                              /usr/lib/gcc/arm-none-eabi/5.3.0/../../../../arm-none-eabi/lib/armv7-m/libg_nano.a(lib_a-nano-reallocr.o) (_malloc_usable_size_r)

Allocating common symbols
Common symbol       size              file

PCD8544_y           0x1               ./src/stm32f10_pcd8544.o
PCD8544_x           0x1               ./src/stm32f10_pcd8544.o
PCD8544_Buffer      0x1f8             ./src/stm32f10_pcd8544.o
errno               0x4               ./system/src/newlib/_syscalls.o

Discarded input sections

 .group         0x0000000000000000        0x8 ./system/src/stm32f1-stdperiph/misc.o
 .group         0x0000000000000000        0x8 ./system/src/stm32f1-stdperiph/misc.o
 .group         0x0000000000000000        0x8 ./system/src/stm32f1-stdperiph/misc.o
 .group         0x0000000000000000        0x8 ./system/src/stm32f1-stdperiph/misc.o
 .group         0x0000000000000000        0x8 ./system/src/stm32f1-stdperiph/misc.o
 .group         0x0000000000000000        0x8 ./system/src/stm32f1-stdperiph/misc.o
 .group         0x0000000000000000        0x8 ./system/src/stm32f1-stdperiph/misc.o
 .group         0x0000000000000000        0x8 ./system/src/stm32f1-stdperiph/misc.o
 .group         0x0000000000000000        0x8 ./system/src/stm32f1-stdperiph/misc.o
 .group         0x0000000000000000        0x8 ./system/src/stm32f1-stdperiph/misc.o
 .group         0x0000000000000000        0x8 ./system/src/stm32f1-stdperiph/misc.o
[...]
Memory Configuration

Name             Origin             Length             Attributes
RAM              0x0000000020000000 0x0000000000005000 xrw
CCMRAM           0x0000000000000000 0x0000000000000000 xrw
FLASH            0x0000000008000000 0x0000000000010000 xr
FLASHB1          0x0000000000000000 0x0000000000000000 xr
EXTMEMB0         0x0000000000000000 0x0000000000000000 xr
EXTMEMB1         0x0000000000000000 0x0000000000000000 xr
EXTMEMB2         0x0000000000000000 0x0000000000000000 xr
EXTMEMB3         0x0000000000000000 0x0000000000000000 xr
MEMORY_ARRAY     0x0000000000000000 0x0000000000000000 xrw
*default*        0x0000000000000000 0xffffffffffffffff

Linker script and memory map

LOAD ./system/src/stm32f1-stdperiph/misc.o
LOAD ./system/src/stm32f1-stdperiph/stm32f10x_adc.o
LOAD ./system/src/stm32f1-stdperiph/stm32f10x_bkp.o
LOAD ./system/src/stm32f1-stdperiph/stm32f10x_can.o
LOAD ./system/src/stm32f1-stdperiph/stm32f10x_cec.o
LOAD ./system/src/stm32f1-stdperiph/stm32f10x_crc.o
LOAD ./system/src/stm32f1-stdperiph/stm32f10x_dac.o
LOAD ./system/src/stm32f1-stdperiph/stm32f10x_dbgmcu.o
LOAD ./system/src/stm32f1-stdperiph/stm32f10x_dma.o
LOAD ./system/src/stm32f1-stdperiph/stm32f10x_exti.o
LOAD ./system/src/stm32f1-stdperiph/stm32f10x_flash.o
LOAD ./system/src/stm32f1-stdperiph/stm32f10x_fsmc.o
LOAD ./system/src/stm32f1-stdperiph/stm32f10x_gpio.o
LOAD ./system/src/stm32f1-stdperiph/stm32f10x_i2c.o
LOAD ./system/src/stm32f1-stdperiph/stm32f10x_iwdg.o
LOAD ./system/src/stm32f1-stdperiph/stm32f10x_pwr.o
LOAD ./system/src/stm32f1-stdperiph/stm32f10x_rcc.o
LOAD ./system/src/stm32f1-stdperiph/stm32f10x_rtc.o
LOAD ./system/src/stm32f1-stdperiph/stm32f10x_sdio.o
LOAD ./system/src/stm32f1-stdperiph/stm32f10x_spi.o
LOAD ./system/src/stm32f1-stdperiph/stm32f10x_tim.o
LOAD ./system/src/stm32f1-stdperiph/stm32f10x_usart.o
LOAD ./system/src/stm32f1-stdperiph/stm32f10x_wwdg.o
LOAD ./system/src/newlib/_cxx.o
LOAD ./system/src/newlib/_exit.o
LOAD ./system/src/newlib/_sbrk.o
LOAD ./system/src/newlib/_startup.o
LOAD ./system/src/newlib/_syscalls.o
LOAD ./system/src/newlib/assert.o
LOAD ./system/src/diag/Trace.o
LOAD ./system/src/diag/trace_impl.o
LOAD ./system/src/cortexm/_initialize_hardware.o
LOAD ./system/src/cortexm/_reset_hardware.o
LOAD ./system/src/cortexm/exception_handlers.o
LOAD ./system/src/cmsis/system_stm32f10x.o
LOAD ./system/src/cmsis/vectors_stm32f10x.o
LOAD ./src/_write.o
LOAD ./src/main.o
LOAD ./src/stm32f10_pcd8544.o
LOAD /usr/lib/gcc/arm-none-eabi/5.3.0/../../../../arm-none-eabi/lib/armv7-m/libstdc++_nano.a
LOAD /usr/lib/gcc/arm-none-eabi/5.3.0/../../../../arm-none-eabi/lib/armv7-m/libm.a
START GROUP
LOAD /usr/lib/gcc/arm-none-eabi/5.3.0/armv7-m/libgcc.a
LOAD /usr/lib/gcc/arm-none-eabi/5.3.0/../../../../arm-none-eabi/lib/armv7-m/libg_nano.a
LOAD /usr/lib/gcc/arm-none-eabi/5.3.0/../../../../arm-none-eabi/lib/armv7-m/libc_nano.a
END GROUP
START GROUP
LOAD /usr/lib/gcc/arm-none-eabi/5.3.0/armv7-m/libgcc.a
LOAD /usr/lib/gcc/arm-none-eabi/5.3.0/../../../../arm-none-eabi/lib/armv7-m/libc_nano.a
END GROUP
                0x0000000020005000                __stack = (ORIGIN (RAM) + LENGTH (RAM))
                0x0000000020005000                _estack = __stack
                0x0000000000000400                __Main_Stack_Size = 0x400
                [!provide]                        PROVIDE (_Main_Stack_Size, __Main_Stack_Size)
                0x0000000020004c00                __Main_Stack_Limit = (__stack - __Main_Stack_Size)
                [!provide]                        PROVIDE (_Main_Stack_Limit, __Main_Stack_Limit)
                0x0000000000000100                _Minimum_Stack_Size = 0x100
                0x0000000020000328                PROVIDE (_Heap_Begin, _end_noinit)
                0x0000000020004c00                PROVIDE (_Heap_Limit, (__stack - __Main_Stack_Size))

.isr_vector     0x0000000008000000      0x354
 FILL mask 0xff
                0x0000000008000000                __vectors_start = ABSOLUTE (.)
                0x0000000008000000                __vectors_start__ = ABSOLUTE (.)
 *(.isr_vector)
 .isr_vector    0x0000000008000000      0x10c ./system/src/cmsis/vectors_stm32f10x.o
                0x0000000008000000                __isr_vectors
 *(.cfmconfig)
 *(.after_vectors .after_vectors.*)
 .after_vectors
                0x000000000800010c      0x114 ./system/src/newlib/_startup.o
                0x000000000800010c                _start
 .after_vectors
                0x0000000008000220      0x130 ./system/src/cortexm/exception_handlers.o
                0x0000000008000220                Reset_Handler
                0x0000000008000228                NMI_Handler
                0x000000000800022c                HardFault_Handler
                0x0000000008000240                HardFault_Handler_C
                0x00000000080002a0                MemManage_Handler
                0x00000000080002a4                BusFault_Handler
                0x00000000080002b8                BusFault_Handler_C
                0x00000000080002ec                UsageFault_Handler
                0x0000000008000300                UsageFault_Handler_C
                0x0000000008000334                SVC_Handler
                0x0000000008000338                DebugMon_Handler
                0x000000000800033c                PendSV_Handler
                0x0000000008000340                SysTick_Handler
 .after_vectors
                0x0000000008000350        0x4 ./system/src/cmsis/vectors_stm32f10x.o
                0x0000000008000350                EXTI2_IRQHandler
                0x0000000008000350                TIM8_TRG_COM_IRQHandler
                0x0000000008000350                TIM8_CC_IRQHandler
                0x0000000008000350                TIM1_CC_IRQHandler
                0x0000000008000350                TIM6_IRQHandler
                0x0000000008000350                PVD_IRQHandler
                0x0000000008000350                SDIO_IRQHandler
                0x0000000008000350                CAN2_RX1_IRQHandler
                0x0000000008000350                EXTI3_IRQHandler
                0x0000000008000350                TIM8_TRG_COM_TIM14_IRQHandler
                0x0000000008000350                TIM1_UP_TIM10_IRQHandler
                0x0000000008000350                TIM8_UP_TIM13_IRQHandler
                0x0000000008000350                EXTI0_IRQHandler
                0x0000000008000350                I2C2_EV_IRQHandler
                0x0000000008000350                CAN1_RX0_IRQHandler
                0x0000000008000350                TIM1_UP_TIM16_IRQHandler
                0x0000000008000350                CAN2_SCE_IRQHandler
                0x0000000008000350                ADC1_2_IRQHandler
                0x0000000008000350                SPI1_IRQHandler
                0x0000000008000350                TAMPER_IRQHandler
                0x0000000008000350                TIM6_DAC_IRQHandler
                0x0000000008000350                TIM1_BRK_TIM9_IRQHandler
                0x0000000008000350                CAN2_RX0_IRQHandler
                0x0000000008000350                TIM8_UP_IRQHandler
                0x0000000008000350                DMA2_Channel2_IRQHandler
                0x0000000008000350                DMA1_Channel4_IRQHandler
                0x0000000008000350                USART3_IRQHandler
                0x0000000008000350                RTC_IRQHandler
                0x0000000008000350                DMA1_Channel7_IRQHandler
                0x0000000008000350                CAN1_RX1_IRQHandler
                0x0000000008000350                UART5_IRQHandler
                0x0000000008000350                ADC3_IRQHandler
                0x0000000008000350                TIM4_IRQHandler
                0x0000000008000350                DMA2_Channel1_IRQHandler
                0x0000000008000350                I2C1_EV_IRQHandler
                0x0000000008000350                DMA1_Channel6_IRQHandler
                0x0000000008000350                UART4_IRQHandler
                0x0000000008000350                DMA2_Channel4_IRQHandler
                0x0000000008000350                TIM3_IRQHandler
                0x0000000008000350                RCC_IRQHandler
                0x0000000008000350                TIM8_BRK_TIM12_IRQHandler
                0x0000000008000350                TIM1_TRG_COM_IRQHandler
                0x0000000008000350                DMA1_Channel1_IRQHandler
                0x0000000008000350                Default_Handler
                0x0000000008000350                CEC_IRQHandler
                0x0000000008000350                EXTI15_10_IRQHandler
                0x0000000008000350                TIM14_IRQHandler
                0x0000000008000350                TIM13_IRQHandler
                0x0000000008000350                TIM12_IRQHandler
                0x0000000008000350                TIM7_IRQHandler
                0x0000000008000350                CAN2_TX_IRQHandler
                0x0000000008000350                TIM5_IRQHandler
                0x0000000008000350                EXTI9_5_IRQHandler
                0x0000000008000350                ETH_WKUP_IRQHandler
                0x0000000008000350                SPI2_IRQHandler
                0x0000000008000350                CAN1_TX_IRQHandler
                0x0000000008000350                DMA2_Channel5_IRQHandler
                0x0000000008000350                DMA1_Channel5_IRQHandler
                0x0000000008000350                EXTI4_IRQHandler
                0x0000000008000350                USB_LP_CAN1_RX0_IRQHandler
                0x0000000008000350                TIM1_TRG_COM_TIM17_IRQHandler
                0x0000000008000350                USB_HP_CAN1_TX_IRQHandler
                0x0000000008000350                DMA1_Channel3_IRQHandler
                0x0000000008000350                FSMC_IRQHandler
                0x0000000008000350                ETH_IRQHandler
                0x0000000008000350                TIM1_UP_IRQHandler
                0x0000000008000350                WWDG_IRQHandler
                0x0000000008000350                TIM2_IRQHandler
                0x0000000008000350                OTG_FS_WKUP_IRQHandler
                0x0000000008000350                TIM1_TRG_COM_TIM11_IRQHandler
                0x0000000008000350                TIM1_BRK_IRQHandler
                0x0000000008000350                EXTI1_IRQHandler
                0x0000000008000350                RTCAlarm_IRQHandler
                0x0000000008000350                DMA2_Channel4_5_IRQHandler
                0x0000000008000350                USART2_IRQHandler
                0x0000000008000350                I2C2_ER_IRQHandler
                0x0000000008000350                DMA1_Channel2_IRQHandler
                0x0000000008000350                TIM8_BRK_IRQHandler
                0x0000000008000350                CAN1_SCE_IRQHandler
                0x0000000008000350                FLASH_IRQHandler
                0x0000000008000350                USART1_IRQHandler
                0x0000000008000350                OTG_FS_IRQHandler
                0x0000000008000350                SPI3_IRQHandler
                0x0000000008000350                I2C1_ER_IRQHandler
                0x0000000008000350                USBWakeUp_IRQHandler
                0x0000000008000350                DMA2_Channel3_IRQHandler
                0x0000000008000350                TIM1_BRK_TIM15_IRQHandler

.inits          0x0000000008000354       0x28
                0x0000000008000354                __data_regions_array_start = .
                0x0000000008000354        0x4 LONG 0x8002368 LOADADDR (.data)
                0x0000000008000358        0x4 LONG 0x20000000 ADDR (.data)
                0x000000000800035c        0x4 LONG 0x20000088 (ADDR (.data) + SIZEOF (.data))
                0x0000000008000360        0x4 LONG 0x8002368 LOADADDR (.data_CCMRAM)
                0x0000000008000364        0x4 LONG 0x0 ADDR (.data_CCMRAM)
                0x0000000008000368        0x4 LONG 0x0 (ADDR (.data_CCMRAM) + SIZEOF (.data_CCMRAM))
                0x000000000800036c                __data_regions_array_end = .
                0x000000000800036c                __bss_regions_array_start = .
                0x000000000800036c        0x4 LONG 0x20000088 ADDR (.bss)
                0x0000000008000370        0x4 LONG 0x20000328 (ADDR (.bss) + SIZEOF (.bss))
                0x0000000008000374        0x4 LONG 0x0 ADDR (.bss_CCMRAM)
                0x0000000008000378        0x4 LONG 0x0 (ADDR (.bss_CCMRAM) + SIZEOF (.bss_CCMRAM))
                0x000000000800037c                __bss_regions_array_end = .
 *(.init)
 *(.fini)
                0x000000000800037c                . = ALIGN (0x4)
                0x000000000800037c                PROVIDE (__preinit_array_start, .)
 *(.preinit_array_sysinit .preinit_array_sysinit.*)
 *(.preinit_array_platform .preinit_array_platform.*)
 *(.preinit_array .preinit_array.*)
                0x000000000800037c                PROVIDE (__preinit_array_end, .)
                0x000000000800037c                . = ALIGN (0x4)
                0x000000000800037c                PROVIDE (__init_array_start, .)
 *(SORT(.init_array.*))
 *(.init_array)
                0x000000000800037c                PROVIDE (__init_array_end, .)
                0x000000000800037c                . = ALIGN (0x4)
                0x000000000800037c                PROVIDE (__fini_array_start, .)
 *(SORT(.fini_array.*))
 *(.fini_array)
                0x000000000800037c                PROVIDE (__fini_array_end, .)

.flashtext
 *(.flashtext .flashtext.*)

.text           0x000000000800037c     0x1fe9
 *(.text .text.*)
 .text.GPIO_Init
                0x000000000800037c      0x128 ./system/src/stm32f1-stdperiph/stm32f10x_gpio.o
                0x000000000800037c                GPIO_Init
 .text.GPIO_ReadOutputDataBit
                0x00000000080004a4       0xb8 ./system/src/stm32f1-stdperiph/stm32f10x_gpio.o
                0x00000000080004a4                GPIO_ReadOutputDataBit
 .text.GPIO_SetBits
                0x000000000800055c       0x60 ./system/src/stm32f1-stdperiph/stm32f10x_gpio.o
                0x000000000800055c                GPIO_SetBits
 .text.GPIO_ResetBits
                0x00000000080005bc       0x60 ./system/src/stm32f1-stdperiph/stm32f10x_gpio.o
                0x00000000080005bc                GPIO_ResetBits
 .text.GPIO_WriteBit
                0x000000000800061c       0xc4 ./system/src/stm32f1-stdperiph/stm32f10x_gpio.o
                0x000000000800061c                GPIO_WriteBit
 .text.RCC_APB2PeriphClockCmd
                0x00000000080006e0       0x4c ./system/src/stm32f1-stdperiph/stm32f10x_rcc.o
                0x00000000080006e0                RCC_APB2PeriphClockCmd
 .text.RCC_APB1PeriphClockCmd
                0x000000000800072c       0x4c ./system/src/stm32f1-stdperiph/stm32f10x_rcc.o
                0x000000000800072c                RCC_APB1PeriphClockCmd
 .text.SPI_Init
                0x0000000008000778      0x12c ./system/src/stm32f1-stdperiph/stm32f10x_spi.o
                0x0000000008000778                SPI_Init
 .text.SPI_Cmd  0x00000000080008a4       0x58 ./system/src/stm32f1-stdperiph/stm32f10x_spi.o
                0x00000000080008a4                SPI_Cmd
 .text.SPI_I2S_SendData
                0x00000000080008fc       0x34 ./system/src/stm32f1-stdperiph/stm32f10x_spi.o
                0x00000000080008fc                SPI_I2S_SendData
 .text.SPI_I2S_GetFlagStatus
                0x0000000008000930       0x68 ./system/src/stm32f1-stdperiph/stm32f10x_spi.o
                0x0000000008000930                SPI_I2S_GetFlagStatus
 .text._exit    0x0000000008000998        0x4 ./system/src/newlib/_exit.o
                0x0000000008000998                _exit
 .text.abort    0x000000000800099c       0x14 ./system/src/newlib/_exit.o
                0x000000000800099c                abort
 .text._sbrk    0x00000000080009b0       0x44 ./system/src/newlib/_sbrk.o
                0x00000000080009b0                _sbrk
 .text.__initialize_args
                0x00000000080009f4       0x10 ./system/src/newlib/_syscalls.o
                0x00000000080009f4                __initialize_args
 .text.assert_failed
                0x0000000008000a04       0x14 ./system/src/newlib/assert.o
                0x0000000008000a04                assert_failed
 .text.trace_printf
                0x0000000008000a18       0x30 ./system/src/diag/Trace.o
                0x0000000008000a18                trace_printf
 .text.trace_puts
                0x0000000008000a48       0x20 ./system/src/diag/Trace.o
                0x0000000008000a48                trace_puts
 .text._trace_write_semihosting_stdout
                0x0000000008000a68       0x70 ./system/src/diag/trace_impl.o
 .text.trace_write
                0x0000000008000ad8        0x8 ./system/src/diag/trace_impl.o
                0x0000000008000ad8                trace_write
 .text.__initialize_hardware_early
                0x0000000008000ae0       0x18 ./system/src/cortexm/_initialize_hardware.o
                0x0000000008000ae0                __initialize_hardware_early
 .text.__initialize_hardware
                0x0000000008000af8        0x8 ./system/src/cortexm/_initialize_hardware.o
                0x0000000008000af8                __initialize_hardware
 .text.dumpExceptionStack
                0x0000000008000b00       0xf0 ./system/src/cortexm/exception_handlers.o
                0x0000000008000b00                dumpExceptionStack
 .text.isSemihosting
                0x0000000008000bf0       0x78 ./system/src/cortexm/exception_handlers.o
                0x0000000008000bf0                isSemihosting
 .text.SetSysClockTo72
                0x0000000008000c68       0xc4 ./system/src/cmsis/system_stm32f10x.o
 .text.SetSysClock
                0x0000000008000d2c        0x8 ./system/src/cmsis/system_stm32f10x.o
 .text.SystemInit
                0x0000000008000d34       0x50 ./system/src/cmsis/system_stm32f10x.o
                0x0000000008000d34                SystemInit
 .text.SystemCoreClockUpdate
                0x0000000008000d84       0x94 ./system/src/cmsis/system_stm32f10x.o
                0x0000000008000d84                SystemCoreClockUpdate
 .text.main     0x0000000008000e18       0xbc ./src/main.o
                0x0000000008000e18                main
 .text.PCD8544_InitIO
                0x0000000008000ed4       0xe4 ./src/stm32f10_pcd8544.o
                0x0000000008000ed4                PCD8544_InitIO
 .text.PCD8544_Pin
                0x0000000008000fb8       0x44 ./src/stm32f10_pcd8544.o
                0x0000000008000fb8                PCD8544_Pin
 .text.PCD8544_Delay
                0x0000000008000ffc       0x18 ./src/stm32f10_pcd8544.o
                0x0000000008000ffc                PCD8544_Delay
 .text.PCD8544_Write
                0x0000000008001014       0x80 ./src/stm32f10_pcd8544.o
                0x0000000008001014                PCD8544_Write
 .text.PCD8544_Home
                0x0000000008001094       0x14 ./src/stm32f10_pcd8544.o
                0x0000000008001094                PCD8544_Home
 .text.PCD8544_Refresh
                0x00000000080010a8       0x8c ./src/stm32f10_pcd8544.o
                0x00000000080010a8                PCD8544_Refresh
 .text.PCD8544_UpdateArea
                0x0000000008001134       0x48 ./src/stm32f10_pcd8544.o
                0x0000000008001134                PCD8544_UpdateArea
 .text.PCD8544_DrawPixel
                0x000000000800117c       0x54 ./src/stm32f10_pcd8544.o
                0x000000000800117c                PCD8544_DrawPixel
 .text.PCD8544_GotoXY
                0x00000000080011d0       0x14 ./src/stm32f10_pcd8544.o
                0x00000000080011d0                PCD8544_GotoXY
 .text.PCD8544_Clear
                0x00000000080011e4       0x38 ./src/stm32f10_pcd8544.o
                0x00000000080011e4                PCD8544_Clear
 .text.PCD8544_Init
                0x000000000800121c       0x64 ./src/stm32f10_pcd8544.o
                0x000000000800121c                PCD8544_Init
 .text.PCD8544_Putc
                0x0000000008001280       0xf8 ./src/stm32f10_pcd8544.o
                0x0000000008001280                PCD8544_Putc
 .text.PCD8544_Puts
                0x0000000008001378       0x20 ./src/stm32f10_pcd8544.o
                0x0000000008001378                PCD8544_Puts
 .text.PDC8544ShiftFrameBuffer
                0x0000000008001398       0x80 ./src/stm32f10_pcd8544.o
                0x0000000008001398                PDC8544ShiftFrameBuffer
 .text.__errno  0x0000000008001418        0xc /usr/lib/gcc/arm-none-eabi/5.3.0/../../../../arm-none-eabi/lib/armv7-m/libg_nano.a(lib_a-errno.o)
                0x0000000008001418                __errno
 .text.sprintf  0x0000000008001424       0x48 /usr/lib/gcc/arm-none-eabi/5.3.0/../../../../arm-none-eabi/lib/armv7-m/libg_nano.a(lib_a-sprintf.o)
                0x0000000008001424                sprintf
                0x0000000008001424                siprintf
 .text          0x000000000800146c       0x14 /usr/lib/gcc/arm-none-eabi/5.3.0/../../../../arm-none-eabi/lib/armv7-m/libg_nano.a(lib_a-strcmp.o)
                0x000000000800146c                strcmp
 .text          0x0000000008001480       0x10 /usr/lib/gcc/arm-none-eabi/5.3.0/../../../../arm-none-eabi/lib/armv7-m/libg_nano.a(lib_a-strlen.o)
                0x0000000008001480                strlen
 .text._vsnprintf_r
                0x0000000008001490       0x56 /usr/lib/gcc/arm-none-eabi/5.3.0/../../../../arm-none-eabi/lib/armv7-m/libg_nano.a(lib_a-vsnprintf.o)
                0x0000000008001490                _vsnprintf_r
                0x0000000008001490                _vsniprintf_r
 *fill*         0x00000000080014e6        0x2 
 .text.vsnprintf
                0x00000000080014e8       0x1c /usr/lib/gcc/arm-none-eabi/5.3.0/../../../../arm-none-eabi/lib/armv7-m/libg_nano.a(lib_a-vsnprintf.o)
                0x00000000080014e8                vsnprintf
                0x00000000080014e8                vsniprintf
 .text.__ssputs_r
                0x0000000008001504       0xb2 /usr/lib/gcc/arm-none-eabi/5.3.0/../../../../arm-none-eabi/lib/armv7-m/libg_nano.a(lib_a-nano-svfprintf.o)
                0x0000000008001504                __ssputs_r
 *fill*         0x00000000080015b6        0x2 
 .text._svfprintf_r
                0x00000000080015b8      0x1e8 /usr/lib/gcc/arm-none-eabi/5.3.0/../../../../arm-none-eabi/lib/armv7-m/libg_nano.a(lib_a-nano-svfprintf.o)
                0x00000000080015b8                _svfprintf_r
                0x00000000080015b8                _svfiprintf_r
 .text._printf_common
                0x00000000080017a0       0xec /usr/lib/gcc/arm-none-eabi/5.3.0/../../../../arm-none-eabi/lib/armv7-m/libg_nano.a(lib_a-nano-vfprintf_i.o)
                0x00000000080017a0                _printf_common
 .text._printf_i
                0x000000000800188c      0x24c /usr/lib/gcc/arm-none-eabi/5.3.0/../../../../arm-none-eabi/lib/armv7-m/libg_nano.a(lib_a-nano-vfprintf_i.o)
                0x000000000800188c                _printf_i
 .text.memchr   0x0000000008001ad8       0x1c /usr/lib/gcc/arm-none-eabi/5.3.0/../../../../arm-none-eabi/lib/armv7-m/libg_nano.a(lib_a-memchr-stub.o)
                0x0000000008001ad8                memchr
 .text.memcpy   0x0000000008001af4       0x16 /usr/lib/gcc/arm-none-eabi/5.3.0/../../../../arm-none-eabi/lib/armv7-m/libg_nano.a(lib_a-memcpy-stub.o)
                0x0000000008001af4                memcpy
 .text.memmove  0x0000000008001b0a       0x36 /usr/lib/gcc/arm-none-eabi/5.3.0/../../../../arm-none-eabi/lib/armv7-m/libg_nano.a(lib_a-memmove.o)
                0x0000000008001b0a                memmove
 .text._free_r  0x0000000008001b40       0x88 /usr/lib/gcc/arm-none-eabi/5.3.0/../../../../arm-none-eabi/lib/armv7-m/libg_nano.a(lib_a-nano-freer.o)
                0x0000000008001b40                _free_r
 .text._malloc_r
                0x0000000008001bc8       0xa8 /usr/lib/gcc/arm-none-eabi/5.3.0/../../../../arm-none-eabi/lib/armv7-m/libg_nano.a(lib_a-nano-mallocr.o)
                0x0000000008001bc8                _malloc_r
 .text._realloc_r
                0x0000000008001c70       0x4c /usr/lib/gcc/arm-none-eabi/5.3.0/../../../../arm-none-eabi/lib/armv7-m/libg_nano.a(lib_a-nano-reallocr.o)
                0x0000000008001c70                _realloc_r
 .text._sbrk_r  0x0000000008001cbc       0x20 /usr/lib/gcc/arm-none-eabi/5.3.0/../../../../arm-none-eabi/lib/armv7-m/libg_nano.a(lib_a-sbrkr.o)
                0x0000000008001cbc                _sbrk_r
 .text._malloc_usable_size_r
                0x0000000008001cdc       0x14 /usr/lib/gcc/arm-none-eabi/5.3.0/../../../../arm-none-eabi/lib/armv7-m/libg_nano.a(lib_a-nano-msizer.o)
                0x0000000008001cdc                _malloc_usable_size_r
 *(.rodata .rodata.* .constdata .constdata.*)
 .rodata.str1.4
                0x0000000008001cf0       0x31 ./system/src/stm32f1-stdperiph/stm32f10x_gpio.o
 *fill*         0x0000000008001d21        0x3 
 .rodata.str1.4
                0x0000000008001d24       0x30 ./system/src/stm32f1-stdperiph/stm32f10x_rcc.o
 .rodata.str1.4
                0x0000000008001d54       0x30 ./system/src/stm32f1-stdperiph/stm32f10x_spi.o
 .rodata.str1.4
                0x0000000008001d84       0x14 ./system/src/newlib/_exit.o
 .rodata.str1.4
                0x0000000008001d98       0x6b ./system/src/newlib/assert.o
                                         0x6f (size before relaxing)
 *fill*         0x0000000008001e03        0x1 
 .rodata.str1.4
                0x0000000008001e04       0x29 ./system/src/diag/Trace.o
                                         0x2d (size before relaxing)
 *fill*         0x0000000008001e2d        0x3 
 .rodata.str1.4
                0x0000000008001e30        0x4 ./system/src/diag/trace_impl.o
 .rodata.str1.4
                0x0000000008001e34      0x146 ./system/src/cortexm/exception_handlers.o
                                        0x14a (size before relaxing)
 *fill*         0x0000000008001f7a        0x2 
 .rodata.str1.4
                0x0000000008001f7c       0x1c ./src/main.o
 .rodata.PCD8544_Font5x7
                0x0000000008001f98      0x246 ./src/stm32f10_pcd8544.o
                0x0000000008001f98                PCD8544_Font5x7
 *fill*         0x00000000080021de        0x2 
 .rodata.PCD8544_Font3x5
                0x00000000080021e0      0x13e ./src/stm32f10_pcd8544.o
                0x00000000080021e0                PCD8544_Font3x5
 *fill*         0x000000000800231e        0x2 
 .rodata.str1.4
                0x0000000008002320       0x10 ./src/stm32f10_pcd8544.o
                                          0xd (size before relaxing)
 .rodata.str1.1
                0x0000000008002330        0x2 /usr/lib/gcc/arm-none-eabi/5.3.0/../../../../arm-none-eabi/lib/armv7-m/libg_nano.a(lib_a-impure.o)
 .rodata.str1.1
                0x0000000008002332       0x11 /usr/lib/gcc/arm-none-eabi/5.3.0/../../../../arm-none-eabi/lib/armv7-m/libg_nano.a(lib_a-nano-svfprintf.o)
 .rodata.str1.1
                0x0000000008002343       0x22 /usr/lib/gcc/arm-none-eabi/5.3.0/../../../../arm-none-eabi/lib/armv7-m/libg_nano.a(lib_a-nano-vfprintf_i.o)
 *(vtable)
 *(.eh_frame*)
 *(.glue_7)
 .glue_7        0x0000000008002365        0x0 linker stubs
 *(.glue_7t)
 .glue_7t       0x0000000008002365        0x0 linker stubs

.vfp11_veneer   0x0000000008002368        0x0
 .vfp11_veneer  0x0000000008002368        0x0 linker stubs

.v4_bx          0x0000000008002368        0x0
 .v4_bx         0x0000000008002368        0x0 linker stubs

.iplt           0x0000000008002368        0x0
 .iplt          0x0000000008002368        0x0 ./system/src/stm32f1-stdperiph/misc.o

.rel.dyn        0x0000000008002368        0x0
 .rel.iplt      0x0000000008002368        0x0 ./system/src/stm32f1-stdperiph/misc.o

.ARM.extab
 *(.ARM.extab* .gnu.linkonce.armextab.*)
                0x0000000008002368                . = ALIGN (0x4)
                0x0000000008002368                __exidx_start = .

.ARM.exidx
 *(.ARM.exidx* .gnu.linkonce.armexidx.*)
                0x0000000008002368                __exidx_end = .
                0x0000000008002368                . = ALIGN (0x4)
                0x0000000008002368                _etext = .
                0x0000000008002368                __etext = .

.data_CCMRAM    0x0000000000000000        0x0 load address 0x0000000008002368
 FILL mask 0xff
 *(.data.CCMRAM .data.CCMRAM.*)
                0x0000000000000000                . = ALIGN (0x4)
                0x0000000008002368                _sidata = LOADADDR (.data)

.data           0x0000000020000000       0x88 load address 0x0000000008002368
 FILL mask 0xff
                0x0000000020000000                _sdata = .
                0x0000000020000000                __data_start__ = .
 *(.data_begin .data_begin.*)
 .data_begin    0x0000000020000000        0x4 ./system/src/newlib/_startup.o
 *(.data .data.*)
 .data.argv.4231
                0x0000000020000004        0x8 ./system/src/newlib/_syscalls.o
 .data.AHBPrescTable
                0x000000002000000c       0x10 ./system/src/cmsis/system_stm32f10x.o
                0x000000002000000c                AHBPrescTable
 .data.SystemCoreClock
                0x000000002000001c        0x4 ./system/src/cmsis/system_stm32f10x.o
                0x000000002000001c                SystemCoreClock
 .data.impure_data
                0x0000000020000020       0x60 /usr/lib/gcc/arm-none-eabi/5.3.0/../../../../arm-none-eabi/lib/armv7-m/libg_nano.a(lib_a-impure.o)
 .data._impure_ptr
                0x0000000020000080        0x4 /usr/lib/gcc/arm-none-eabi/5.3.0/../../../../arm-none-eabi/lib/armv7-m/libg_nano.a(lib_a-impure.o)
                0x0000000020000080                _impure_ptr
 *(.data_end .data_end.*)
 .data_end      0x0000000020000084        0x4 ./system/src/newlib/_startup.o
                0x0000000020000088                . = ALIGN (0x4)
                0x0000000020000088                _edata = .
                0x0000000020000088                __data_end__ = .

.igot.plt       0x0000000020000088        0x0 load address 0x00000000080023f0
 .igot.plt      0x0000000020000088        0x0 ./system/src/stm32f1-stdperiph/misc.o

.bss_CCMRAM     0x0000000000000000        0x0
 *(.bss.CCMRAM .bss.CCMRAM.*)

.bss            0x0000000020000088      0x2a0
                0x0000000020000088                __bss_start__ = .
                0x0000000020000088                _sbss = .
 *(.bss_begin .bss_begin.*)
 .bss_begin     0x0000000020000088        0x4 ./system/src/newlib/_startup.o
 *(.bss .bss.*)
 .bss.current_heap_end.3914
                0x000000002000008c        0x4 ./system/src/newlib/_sbrk.o
 .bss.name.4230
                0x0000000020000090        0x1 ./system/src/newlib/_syscalls.o
 *fill*         0x0000000020000091        0x3 
 .bss.buf.5050  0x0000000020000094       0x80 ./system/src/diag/Trace.o
 .bss.handle.6597
                0x0000000020000114        0x4 ./system/src/diag/trace_impl.o
 .bss.PCD8544_UpdateYmin
                0x0000000020000118        0x1 ./src/stm32f10_pcd8544.o
                0x0000000020000118                PCD8544_UpdateYmin
 .bss.PCD8544_UpdateYmax
                0x0000000020000119        0x1 ./src/stm32f10_pcd8544.o
                0x0000000020000119                PCD8544_UpdateYmax
 .bss.PCD8544_UpdateXmax
                0x000000002000011a        0x1 ./src/stm32f10_pcd8544.o
                0x000000002000011a                PCD8544_UpdateXmax
 .bss.PCD8544_UpdateXmin
                0x000000002000011b        0x1 ./src/stm32f10_pcd8544.o
                0x000000002000011b                PCD8544_UpdateXmin
 .bss.__malloc_sbrk_start
                0x000000002000011c        0x4 /usr/lib/gcc/arm-none-eabi/5.3.0/../../../../arm-none-eabi/lib/armv7-m/libg_nano.a(lib_a-nano-mallocr.o)
                0x000000002000011c                __malloc_sbrk_start
 .bss.__malloc_free_list
                0x0000000020000120        0x4 /usr/lib/gcc/arm-none-eabi/5.3.0/../../../../arm-none-eabi/lib/armv7-m/libg_nano.a(lib_a-nano-mallocr.o)
                0x0000000020000120                __malloc_free_list
 *(COMMON)
 COMMON         0x0000000020000124        0x4 ./system/src/newlib/_syscalls.o
                0x0000000020000124                errno
 COMMON         0x0000000020000128      0x1fc ./src/stm32f10_pcd8544.o
                0x0000000020000128                PCD8544_y
                0x0000000020000129                PCD8544_x
                0x000000002000012c                PCD8544_Buffer
 *(.bss_end .bss_end.*)
 .bss_end       0x0000000020000324        0x4 ./system/src/newlib/_startup.o
                0x0000000020000328                . = ALIGN (0x4)
                0x0000000020000328                __bss_end__ = .
                0x0000000020000328                _ebss = .

.noinit_CCMRAM
 *(.noinit.CCMRAM .noinit.CCMRAM.*)

.noinit         0x0000000020000328        0x0
                0x0000000020000328                _noinit = .
 *(.noinit .noinit.*)
                0x0000000020000328                . = ALIGN (0x4)
                0x0000000020000328                _end_noinit = .
                [!provide]                        PROVIDE (end, _end_noinit)
                [!provide]                        PROVIDE (_end, _end_noinit)
                [!provide]                        PROVIDE (__end, _end_noinit)
                [!provide]                        PROVIDE (__end__, _end_noinit)

._check_stack   0x0000000020000328      0x100
                0x0000000020000428                . = (. + _Minimum_Stack_Size)
 *fill*         0x0000000020000328      0x100 

.b1text
 *(.b1text)
 *(.b1rodata)
 *(.b1rodata.*)

.eb0text
 *(.eb0text)
 *(.eb0rodata)
 *(.eb0rodata.*)

.eb1text
 *(.eb1text)
 *(.eb1rodata)
 *(.eb1rodata.*)

.eb2text
 *(.eb2text)
 *(.eb2rodata)
 *(.eb2rodata.*)

.eb3text
 *(.eb3text)
 *(.eb3rodata)
 *(.eb3rodata.*)

.stab
 *(.stab)

.stabstr
 *(.stabstr)

.stab.excl
 *(.stab.excl)

.stab.exclstr
 *(.stab.exclstr)

.stab.index
 *(.stab.index)

.stab.indexstr
 *(.stab.indexstr)

.comment        0x0000000000000000       0x1d
 *(.comment)
 .comment       0x0000000000000000       0x1d ./system/src/stm32f1-stdperiph/stm32f10x_gpio.o
                                         0x1e (size before relaxing)
 .comment       0x000000000000001d       0x1e ./system/src/stm32f1-stdperiph/stm32f10x_rcc.o
 .comment       0x000000000000001d       0x1e ./system/src/stm32f1-stdperiph/stm32f10x_spi.o
 .comment       0x000000000000001d       0x1e ./system/src/newlib/_exit.o
 .comment       0x000000000000001d       0x1e ./system/src/newlib/_sbrk.o
 .comment       0x000000000000001d       0x1e ./system/src/newlib/_startup.o
 .comment       0x000000000000001d       0x1e ./system/src/newlib/_syscalls.o
 .comment       0x000000000000001d       0x1e ./system/src/newlib/assert.o
 .comment       0x000000000000001d       0x1e ./system/src/diag/Trace.o
 .comment       0x000000000000001d       0x1e ./system/src/diag/trace_impl.o
 .comment       0x000000000000001d       0x1e ./system/src/cortexm/_initialize_hardware.o
 .comment       0x000000000000001d       0x1e ./system/src/cortexm/exception_handlers.o
 .comment       0x000000000000001d       0x1e ./system/src/cmsis/system_stm32f10x.o
 .comment       0x000000000000001d       0x1e ./system/src/cmsis/vectors_stm32f10x.o
 .comment       0x000000000000001d       0x1e ./src/main.o
 .comment       0x000000000000001d       0x1e ./src/stm32f10_pcd8544.o

.ARM.attributes
                0x0000000000000000       0x31
 .ARM.attributes
                0x0000000000000000       0x33 ./system/src/stm32f1-stdperiph/stm32f10x_gpio.o
 .ARM.attributes
                0x0000000000000033       0x33 ./system/src/stm32f1-stdperiph/stm32f10x_rcc.o
 .ARM.attributes
                0x0000000000000066       0x33 ./system/src/stm32f1-stdperiph/stm32f10x_spi.o
 .ARM.attributes
                0x0000000000000099       0x33 ./system/src/newlib/_exit.o
 .ARM.attributes
                0x00000000000000cc       0x33 ./system/src/newlib/_sbrk.o
 .ARM.attributes
                0x00000000000000ff       0x33 ./system/src/newlib/_startup.o
 .ARM.attributes
                0x0000000000000132       0x33 ./system/src/newlib/_syscalls.o
 .ARM.attributes
                0x0000000000000165       0x33 ./system/src/newlib/assert.o
 .ARM.attributes
                0x0000000000000198       0x33 ./system/src/diag/Trace.o
 .ARM.attributes
                0x00000000000001cb       0x33 ./system/src/diag/trace_impl.o
 .ARM.attributes
                0x00000000000001fe       0x33 ./system/src/cortexm/_initialize_hardware.o
 .ARM.attributes
                0x0000000000000231       0x33 ./system/src/cortexm/exception_handlers.o
 .ARM.attributes
                0x0000000000000264       0x33 ./system/src/cmsis/system_stm32f10x.o
 .ARM.attributes
                0x0000000000000297       0x33 ./system/src/cmsis/vectors_stm32f10x.o
 .ARM.attributes
                0x00000000000002ca       0x33 ./src/main.o
 .ARM.attributes
                0x00000000000002fd       0x33 ./src/stm32f10_pcd8544.o
 .ARM.attributes
                0x0000000000000330       0x2d /usr/lib/gcc/arm-none-eabi/5.3.0/../../../../arm-none-eabi/lib/armv7-m/libg_nano.a(lib_a-errno.o)
 .ARM.attributes
                0x000000000000035d       0x2d /usr/lib/gcc/arm-none-eabi/5.3.0/../../../../arm-none-eabi/lib/armv7-m/libg_nano.a(lib_a-impure.o)
 .ARM.attributes
                0x000000000000038a       0x2d /usr/lib/gcc/arm-none-eabi/5.3.0/../../../../arm-none-eabi/lib/armv7-m/libg_nano.a(lib_a-sprintf.o)
 .ARM.attributes
                0x00000000000003b7       0x1b /usr/lib/gcc/arm-none-eabi/5.3.0/../../../../arm-none-eabi/lib/armv7-m/libg_nano.a(lib_a-strcmp.o)
 .ARM.attributes
                0x00000000000003d2       0x17 /usr/lib/gcc/arm-none-eabi/5.3.0/../../../../arm-none-eabi/lib/armv7-m/libg_nano.a(lib_a-strlen.o)
 .ARM.attributes
                0x00000000000003e9       0x2d /usr/lib/gcc/arm-none-eabi/5.3.0/../../../../arm-none-eabi/lib/armv7-m/libg_nano.a(lib_a-vsnprintf.o)
 .ARM.attributes
                0x0000000000000416       0x2d /usr/lib/gcc/arm-none-eabi/5.3.0/../../../../arm-none-eabi/lib/armv7-m/libg_nano.a(lib_a-nano-svfprintf.o)
 .ARM.attributes
                0x0000000000000443       0x2d /usr/lib/gcc/arm-none-eabi/5.3.0/../../../../arm-none-eabi/lib/armv7-m/libg_nano.a(lib_a-nano-vfprintf_i.o)
 .ARM.attributes
                0x0000000000000470       0x2d /usr/lib/gcc/arm-none-eabi/5.3.0/../../../../arm-none-eabi/lib/armv7-m/libg_nano.a(lib_a-memchr-stub.o)
 .ARM.attributes
                0x000000000000049d       0x2d /usr/lib/gcc/arm-none-eabi/5.3.0/../../../../arm-none-eabi/lib/armv7-m/libg_nano.a(lib_a-memcpy-stub.o)
 .ARM.attributes
                0x00000000000004ca       0x2d /usr/lib/gcc/arm-none-eabi/5.3.0/../../../../arm-none-eabi/lib/armv7-m/libg_nano.a(lib_a-memmove.o)
 .ARM.attributes
                0x00000000000004f7       0x2d /usr/lib/gcc/arm-none-eabi/5.3.0/../../../../arm-none-eabi/lib/armv7-m/libg_nano.a(lib_a-nano-freer.o)
 .ARM.attributes
                0x0000000000000524       0x2d /usr/lib/gcc/arm-none-eabi/5.3.0/../../../../arm-none-eabi/lib/armv7-m/libg_nano.a(lib_a-nano-mallocr.o)
 .ARM.attributes
                0x0000000000000551       0x2d /usr/lib/gcc/arm-none-eabi/5.3.0/../../../../arm-none-eabi/lib/armv7-m/libg_nano.a(lib_a-nano-reallocr.o)
 .ARM.attributes
                0x000000000000057e       0x2d /usr/lib/gcc/arm-none-eabi/5.3.0/../../../../arm-none-eabi/lib/armv7-m/libg_nano.a(lib_a-sbrkr.o)
 .ARM.attributes
                0x00000000000005ab       0x2d /usr/lib/gcc/arm-none-eabi/5.3.0/../../../../arm-none-eabi/lib/armv7-m/libg_nano.a(lib_a-nano-msizer.o)

.debug
 *(.debug)

.line
 *(.line)

.debug_srcinfo
 *(.debug_srcinfo)

.debug_sfnames
 *(.debug_sfnames)

.debug_aranges  0x0000000000000000      0x5d0
 *(.debug_aranges)
 .debug_aranges
                0x0000000000000000       0xa8 ./system/src/stm32f1-stdperiph/stm32f10x_gpio.o
 .debug_aranges
                0x00000000000000a8      0x118 ./system/src/stm32f1-stdperiph/stm32f10x_rcc.o
 .debug_aranges
                0x00000000000001c0       0xd0 ./system/src/stm32f1-stdperiph/stm32f10x_spi.o
 .debug_aranges
                0x0000000000000290       0x28 ./system/src/newlib/_exit.o
 .debug_aranges
                0x00000000000002b8       0x20 ./system/src/newlib/_sbrk.o
 .debug_aranges
                0x00000000000002d8       0x40 ./system/src/newlib/_startup.o
 .debug_aranges
                0x0000000000000318       0x30 ./system/src/newlib/_syscalls.o
 .debug_aranges
                0x0000000000000348       0x28 ./system/src/newlib/assert.o
 .debug_aranges
                0x0000000000000370       0x38 ./system/src/diag/Trace.o
 .debug_aranges
                0x00000000000003a8       0x30 ./system/src/diag/trace_impl.o
 .debug_aranges
                0x00000000000003d8       0x28 ./system/src/cortexm/_initialize_hardware.o
 .debug_aranges
                0x0000000000000400       0x90 ./system/src/cortexm/exception_handlers.o
 .debug_aranges
                0x0000000000000490       0x38 ./system/src/cmsis/system_stm32f10x.o
 .debug_aranges
                0x00000000000004c8       0x20 ./system/src/cmsis/vectors_stm32f10x.o
 .debug_aranges
                0x00000000000004e8       0x20 ./src/main.o
 .debug_aranges
                0x0000000000000508       0xc8 ./src/stm32f10_pcd8544.o

.debug_pubnames
 *(.debug_pubnames)

.debug_info     0x0000000000000000     0x641d
 *(.debug_info .gnu.linkonce.wi.*)
 .debug_info    0x0000000000000000      0xbcb ./system/src/stm32f1-stdperiph/stm32f10x_gpio.o
 .debug_info    0x0000000000000bcb      0xc66 ./system/src/stm32f1-stdperiph/stm32f10x_rcc.o
 .debug_info    0x0000000000001831      0xf9e ./system/src/stm32f1-stdperiph/stm32f10x_spi.o
 .debug_info    0x00000000000027cf       0xef ./system/src/newlib/_exit.o
 .debug_info    0x00000000000028be      0x11f ./system/src/newlib/_sbrk.o
 .debug_info    0x00000000000029dd      0x454 ./system/src/newlib/_startup.o
 .debug_info    0x0000000000002e31      0x1bc ./system/src/newlib/_syscalls.o
 .debug_info    0x0000000000002fed      0x1a3 ./system/src/newlib/assert.o
 .debug_info    0x0000000000003190      0x2e7 ./system/src/diag/Trace.o
 .debug_info    0x0000000000003477      0x2ed ./system/src/diag/trace_impl.o
 .debug_info    0x0000000000003764      0x29c ./system/src/cortexm/_initialize_hardware.o
 .debug_info    0x0000000000003a00      0x90f ./system/src/cortexm/exception_handlers.o
 .debug_info    0x000000000000430f      0x478 ./system/src/cmsis/system_stm32f10x.o
 .debug_info    0x0000000000004787       0xd1 ./system/src/cmsis/vectors_stm32f10x.o
 .debug_info    0x0000000000004858      0x465 ./src/main.o
 .debug_info    0x0000000000004cbd     0x1760 ./src/stm32f10_pcd8544.o

.debug_abbrev   0x0000000000000000     0x1673
 *(.debug_abbrev)
 .debug_abbrev  0x0000000000000000      0x1f4 ./system/src/stm32f1-stdperiph/stm32f10x_gpio.o
 .debug_abbrev  0x00000000000001f4      0x1f8 ./system/src/stm32f1-stdperiph/stm32f10x_rcc.o
 .debug_abbrev  0x00000000000003ec      0x1cf ./system/src/stm32f1-stdperiph/stm32f10x_spi.o
 .debug_abbrev  0x00000000000005bb       0x8e ./system/src/newlib/_exit.o
 .debug_abbrev  0x0000000000000649       0xb9 ./system/src/newlib/_sbrk.o
 .debug_abbrev  0x0000000000000702      0x1ac ./system/src/newlib/_startup.o
 .debug_abbrev  0x00000000000008ae       0xec ./system/src/newlib/_syscalls.o
 .debug_abbrev  0x000000000000099a       0xab ./system/src/newlib/assert.o
 .debug_abbrev  0x0000000000000a45      0x156 ./system/src/diag/Trace.o
 .debug_abbrev  0x0000000000000b9b      0x1b0 ./system/src/diag/trace_impl.o
 .debug_abbrev  0x0000000000000d4b       0xea ./system/src/cortexm/_initialize_hardware.o
 .debug_abbrev  0x0000000000000e35      0x245 ./system/src/cortexm/exception_handlers.o
 .debug_abbrev  0x000000000000107a      0x159 ./system/src/cmsis/system_stm32f10x.o
 .debug_abbrev  0x00000000000011d3       0x9d ./system/src/cmsis/vectors_stm32f10x.o
 .debug_abbrev  0x0000000000001270      0x17a ./src/main.o
 .debug_abbrev  0x00000000000013ea      0x289 ./src/stm32f10_pcd8544.o

.debug_line     0x0000000000000000     0x44d8
 *(.debug_line)
 .debug_line    0x0000000000000000      0x8b8 ./system/src/stm32f1-stdperiph/stm32f10x_gpio.o
 .debug_line    0x00000000000008b8      0x802 ./system/src/stm32f1-stdperiph/stm32f10x_rcc.o
 .debug_line    0x00000000000010ba      0x856 ./system/src/stm32f1-stdperiph/stm32f10x_spi.o
 .debug_line    0x0000000000001910      0x1fa ./system/src/newlib/_exit.o
 .debug_line    0x0000000000001b0a      0x1ac ./system/src/newlib/_sbrk.o
 .debug_line    0x0000000000001cb6      0x262 ./system/src/newlib/_startup.o
 .debug_line    0x0000000000001f18      0x2bf ./system/src/newlib/_syscalls.o
 .debug_line    0x00000000000021d7      0x235 ./system/src/newlib/assert.o
 .debug_line    0x000000000000240c      0x259 ./system/src/diag/Trace.o
 .debug_line    0x0000000000002665      0x4d7 ./system/src/diag/trace_impl.o
 .debug_line    0x0000000000002b3c      0x33f ./system/src/cortexm/_initialize_hardware.o
 .debug_line    0x0000000000002e7b      0x58f ./system/src/cortexm/exception_handlers.o
 .debug_line    0x000000000000340a      0x39f ./system/src/cmsis/system_stm32f10x.o
 .debug_line    0x00000000000037a9       0xcf ./system/src/cmsis/vectors_stm32f10x.o
 .debug_line    0x0000000000003878      0x4e1 ./src/main.o
 .debug_line    0x0000000000003d59      0x77f ./src/stm32f10_pcd8544.o

.debug_frame    0x0000000000000000     0x1220
 *(.debug_frame)
 .debug_frame   0x0000000000000000      0x1e8 ./system/src/stm32f1-stdperiph/stm32f10x_gpio.o
 .debug_frame   0x00000000000001e8      0x31c ./system/src/stm32f1-stdperiph/stm32f10x_rcc.o
 .debug_frame   0x0000000000000504      0x278 ./system/src/stm32f1-stdperiph/stm32f10x_spi.o
 .debug_frame   0x000000000000077c       0x38 ./system/src/newlib/_exit.o
 .debug_frame   0x00000000000007b4       0x28 ./system/src/newlib/_sbrk.o
 .debug_frame   0x00000000000007dc       0x7c ./system/src/newlib/_startup.o
 .debug_frame   0x0000000000000858       0x50 ./system/src/newlib/_syscalls.o
 .debug_frame   0x00000000000008a8       0x40 ./system/src/newlib/assert.o
 .debug_frame   0x00000000000008e8       0x94 ./system/src/diag/Trace.o
 .debug_frame   0x000000000000097c       0x5c ./system/src/diag/trace_impl.o
 .debug_frame   0x00000000000009d8       0x40 ./system/src/cortexm/_initialize_hardware.o
 .debug_frame   0x0000000000000a18      0x164 ./system/src/cortexm/exception_handlers.o
 .debug_frame   0x0000000000000b7c       0x68 ./system/src/cmsis/system_stm32f10x.o
 .debug_frame   0x0000000000000be4       0x20 ./system/src/cmsis/vectors_stm32f10x.o
 .debug_frame   0x0000000000000c04       0x2c ./src/main.o
 .debug_frame   0x0000000000000c30      0x2b0 ./src/stm32f10_pcd8544.o
 .debug_frame   0x0000000000000ee0       0x20 /usr/lib/gcc/arm-none-eabi/5.3.0/../../../../arm-none-eabi/lib/armv7-m/libg_nano.a(lib_a-errno.o)
 .debug_frame   0x0000000000000f00       0x70 /usr/lib/gcc/arm-none-eabi/5.3.0/../../../../arm-none-eabi/lib/armv7-m/libg_nano.a(lib_a-sprintf.o)
 .debug_frame   0x0000000000000f70       0x20 /usr/lib/gcc/arm-none-eabi/5.3.0/../../../../arm-none-eabi/lib/armv7-m/libg_nano.a(lib_a-strcmp.o)
 .debug_frame   0x0000000000000f90       0x48 /usr/lib/gcc/arm-none-eabi/5.3.0/../../../../arm-none-eabi/lib/armv7-m/libg_nano.a(lib_a-vsnprintf.o)
 .debug_frame   0x0000000000000fd8       0x90 /usr/lib/gcc/arm-none-eabi/5.3.0/../../../../arm-none-eabi/lib/armv7-m/libg_nano.a(lib_a-nano-svfprintf.o)
 .debug_frame   0x0000000000001068       0x60 /usr/lib/gcc/arm-none-eabi/5.3.0/../../../../arm-none-eabi/lib/armv7-m/libg_nano.a(lib_a-nano-vfprintf_i.o)
 .debug_frame   0x00000000000010c8       0x28 /usr/lib/gcc/arm-none-eabi/5.3.0/../../../../arm-none-eabi/lib/armv7-m/libg_nano.a(lib_a-memchr-stub.o)
 .debug_frame   0x00000000000010f0       0x28 /usr/lib/gcc/arm-none-eabi/5.3.0/../../../../arm-none-eabi/lib/armv7-m/libg_nano.a(lib_a-memcpy-stub.o)
 .debug_frame   0x0000000000001118       0x28 /usr/lib/gcc/arm-none-eabi/5.3.0/../../../../arm-none-eabi/lib/armv7-m/libg_nano.a(lib_a-memmove.o)
 .debug_frame   0x0000000000001140       0x2c /usr/lib/gcc/arm-none-eabi/5.3.0/../../../../arm-none-eabi/lib/armv7-m/libg_nano.a(lib_a-nano-freer.o)
 .debug_frame   0x000000000000116c       0x2c /usr/lib/gcc/arm-none-eabi/5.3.0/../../../../arm-none-eabi/lib/armv7-m/libg_nano.a(lib_a-nano-mallocr.o)
 .debug_frame   0x0000000000001198       0x3c /usr/lib/gcc/arm-none-eabi/5.3.0/../../../../arm-none-eabi/lib/armv7-m/libg_nano.a(lib_a-nano-reallocr.o)
 .debug_frame   0x00000000000011d4       0x2c /usr/lib/gcc/arm-none-eabi/5.3.0/../../../../arm-none-eabi/lib/armv7-m/libg_nano.a(lib_a-sbrkr.o)
 .debug_frame   0x0000000000001200       0x20 /usr/lib/gcc/arm-none-eabi/5.3.0/../../../../arm-none-eabi/lib/armv7-m/libg_nano.a(lib_a-nano-msizer.o)

.debug_str      0x0000000000000000    0x567ed
 *(.debug_str)
 .debug_str     0x0000000000000000    0x4e3d4 ./system/src/stm32f1-stdperiph/stm32f10x_gpio.o
                                      0x4e559 (size before relaxing)
 .debug_str     0x000000000004e3d4      0xb45 ./system/src/stm32f1-stdperiph/stm32f10x_rcc.o
                                      0x4eb28 (size before relaxing)
 .debug_str     0x000000000004ef19      0x61f ./system/src/stm32f1-stdperiph/stm32f10x_spi.o
                                      0x4e682 (size before relaxing)
 .debug_str     0x000000000004f538     0x3d9e ./system/src/newlib/_exit.o
                                       0x639a (size before relaxing)
 .debug_str     0x00000000000532d6      0x4de ./system/src/newlib/_sbrk.o
                                       0x57ab (size before relaxing)
 .debug_str     0x00000000000537b4      0x271 ./system/src/newlib/_startup.o
                                       0x5346 (size before relaxing)
 .debug_str     0x0000000000053a25     0x13bb ./system/src/newlib/_syscalls.o
                                       0x6ba8 (size before relaxing)
 .debug_str     0x0000000000054de0       0xdf ./system/src/newlib/assert.o
                                       0x6ea3 (size before relaxing)
 .debug_str     0x0000000000054ebf      0x9b3 ./system/src/diag/Trace.o
                                       0x6caa (size before relaxing)
 .debug_str     0x0000000000055872      0x35e ./system/src/diag/trace_impl.o
                                      0x513c0 (size before relaxing)
 .debug_str     0x0000000000055bd0       0xb2 ./system/src/cortexm/_initialize_hardware.o
                                      0x4e043 (size before relaxing)
 .debug_str     0x0000000000055c82      0x1e7 ./system/src/cortexm/exception_handlers.o
                                      0x521f6 (size before relaxing)
 .debug_str     0x0000000000055e69       0xa6 ./system/src/cmsis/system_stm32f10x.o
                                      0x4e0ed (size before relaxing)
 .debug_str     0x0000000000055f0f       0x57 ./system/src/cmsis/vectors_stm32f10x.o
                                       0x2fe6 (size before relaxing)
 .debug_str     0x0000000000055f66      0x559 ./src/main.o
                                      0x52c9e (size before relaxing)
 .debug_str     0x00000000000564bf      0x32e ./src/stm32f10_pcd8544.o
                                      0x51be7 (size before relaxing)

.debug_loc      0x0000000000000000     0x2fde
 *(.debug_loc)
 .debug_loc     0x0000000000000000      0x776 ./system/src/stm32f1-stdperiph/stm32f10x_gpio.o
 .debug_loc     0x0000000000000776      0x91f ./system/src/stm32f1-stdperiph/stm32f10x_rcc.o
 .debug_loc     0x0000000000001095      0x9aa ./system/src/stm32f1-stdperiph/stm32f10x_spi.o
 .debug_loc     0x0000000000001a3f       0x82 ./system/src/newlib/_sbrk.o
 .debug_loc     0x0000000000001ac1      0x265 ./system/src/newlib/_startup.o
 .debug_loc     0x0000000000001d26       0x63 ./system/src/newlib/_syscalls.o
 .debug_loc     0x0000000000001d89      0x110 ./system/src/newlib/assert.o
 .debug_loc     0x0000000000001e99      0x102 ./system/src/diag/Trace.o
 .debug_loc     0x0000000000001f9b      0x125 ./system/src/diag/trace_impl.o
 .debug_loc     0x00000000000020c0      0x39d ./system/src/cortexm/exception_handlers.o
 .debug_loc     0x000000000000245d       0xdf ./system/src/cmsis/system_stm32f10x.o
 .debug_loc     0x000000000000253c       0x3d ./src/main.o
 .debug_loc     0x0000000000002579      0xa65 ./src/stm32f10_pcd8544.o

.debug_macinfo
 *(.debug_macinfo)

.debug_weaknames
 *(.debug_weaknames)

.debug_funcnames
 *(.debug_funcnames)

.debug_typenames
 *(.debug_typenames)

.debug_varnames
 *(.debug_varnames)
OUTPUT(PCD8544_LCD.elf elf32-littlearm)

.debug_ranges   0x0000000000000000      0x500
 .debug_ranges  0x0000000000000000       0x98 ./system/src/stm32f1-stdperiph/stm32f10x_gpio.o
 .debug_ranges  0x0000000000000098      0x108 ./system/src/stm32f1-stdperiph/stm32f10x_rcc.o
 .debug_ranges  0x00000000000001a0       0xc0 ./system/src/stm32f1-stdperiph/stm32f10x_spi.o
 .debug_ranges  0x0000000000000260       0x18 ./system/src/newlib/_exit.o
 .debug_ranges  0x0000000000000278       0x10 ./system/src/newlib/_sbrk.o
 .debug_ranges  0x0000000000000288       0x48 ./system/src/newlib/_startup.o
 .debug_ranges  0x00000000000002d0       0x20 ./system/src/newlib/_syscalls.o
 .debug_ranges  0x00000000000002f0       0x18 ./system/src/newlib/assert.o
 .debug_ranges  0x0000000000000308       0x28 ./system/src/diag/Trace.o
 .debug_ranges  0x0000000000000330       0x20 ./system/src/diag/trace_impl.o
 .debug_ranges  0x0000000000000350       0x18 ./system/src/cortexm/_initialize_hardware.o
 .debug_ranges  0x0000000000000368       0x98 ./system/src/cortexm/exception_handlers.o
 .debug_ranges  0x0000000000000400       0x28 ./system/src/cmsis/system_stm32f10x.o
 .debug_ranges  0x0000000000000428       0x10 ./system/src/cmsis/vectors_stm32f10x.o
 .debug_ranges  0x0000000000000438       0x10 ./src/main.o
 .debug_ranges  0x0000000000000448       0xb8 ./src/stm32f10_pcd8544.o

.debug_macro    0x0000000000000000     0x39f4
 .debug_macro   0x0000000000000000      0x1b8 ./system/src/stm32f1-stdperiph/stm32f10x_gpio.o
 .debug_macro   0x00000000000001b8      0x2a6 ./system/src/stm32f1-stdperiph/stm32f10x_gpio.o
 .debug_macro   0x000000000000045e      0x286 ./system/src/stm32f1-stdperiph/stm32f10x_rcc.o
 .debug_macro   0x00000000000006e4      0x3dc ./system/src/stm32f1-stdperiph/stm32f10x_rcc.o
 .debug_macro   0x0000000000000ac0      0x1d0 ./system/src/stm32f1-stdperiph/stm32f10x_spi.o
 .debug_macro   0x0000000000000c90      0x2be ./system/src/stm32f1-stdperiph/stm32f10x_spi.o
 .debug_macro   0x0000000000000f4e      0x131 ./system/src/newlib/_exit.o
 .debug_macro   0x000000000000107f       0x9c ./system/src/newlib/_exit.o
 .debug_macro   0x000000000000111b      0x10e ./system/src/newlib/_exit.o
 .debug_macro   0x0000000000001229       0x8d ./system/src/newlib/_exit.o
 .debug_macro   0x00000000000012b6       0x43 ./system/src/newlib/_exit.o
 .debug_macro   0x00000000000012f9      0x329 ./system/src/newlib/_exit.o
 .debug_macro   0x0000000000001622       0x35 ./system/src/newlib/_exit.o
 .debug_macro   0x0000000000001657       0xed ./system/src/newlib/_sbrk.o
 .debug_macro   0x0000000000001744      0x174 ./system/src/newlib/_sbrk.o
 .debug_macro   0x00000000000018b8       0x10 ./system/src/newlib/_sbrk.o
 .debug_macro   0x00000000000018c8      0x23b ./system/src/newlib/_sbrk.o
 .debug_macro   0x0000000000001b03       0xf7 ./system/src/newlib/_startup.o
 .debug_macro   0x0000000000001bfa      0x1c6 ./system/src/newlib/_syscalls.o
 .debug_macro   0x0000000000001dc0       0x1c ./system/src/newlib/_syscalls.o
 .debug_macro   0x0000000000001ddc       0x10 ./system/src/newlib/_syscalls.o
 .debug_macro   0x0000000000001dec       0x10 ./system/src/newlib/_syscalls.o
 .debug_macro   0x0000000000001dfc       0x10 ./system/src/newlib/_syscalls.o
 .debug_macro   0x0000000000001e0c       0x10 ./system/src/newlib/_syscalls.o
 .debug_macro   0x0000000000001e1c       0x35 ./system/src/newlib/_syscalls.o
 .debug_macro   0x0000000000001e51      0x122 ./system/src/newlib/_syscalls.o
 .debug_macro   0x0000000000001f73       0x2e ./system/src/newlib/_syscalls.o
 .debug_macro   0x0000000000001fa1       0x40 ./system/src/newlib/_syscalls.o
 .debug_macro   0x0000000000001fe1       0x82 ./system/src/newlib/_syscalls.o
 .debug_macro   0x0000000000002063       0x2b ./system/src/newlib/_syscalls.o
 .debug_macro   0x000000000000208e      0x118 ./system/src/newlib/_syscalls.o
 .debug_macro   0x00000000000021a6      0x159 ./system/src/newlib/_syscalls.o
 .debug_macro   0x00000000000022ff       0x16 ./system/src/newlib/_syscalls.o
 .debug_macro   0x0000000000002315      0x14d ./system/src/newlib/assert.o
 .debug_macro   0x0000000000002462       0x1c ./system/src/newlib/assert.o
 .debug_macro   0x000000000000247e      0x15e ./system/src/diag/Trace.o
 .debug_macro   0x00000000000025dc       0x16 ./system/src/diag/Trace.o
 .debug_macro   0x00000000000025f2       0x97 ./system/src/diag/Trace.o
 .debug_macro   0x0000000000002689       0xfd ./system/src/diag/Trace.o
 .debug_macro   0x0000000000002786       0x10 ./system/src/diag/Trace.o
 .debug_macro   0x0000000000002796       0x16 ./system/src/diag/Trace.o
 .debug_macro   0x00000000000027ac      0x197 ./system/src/diag/Trace.o
 .debug_macro   0x0000000000002943       0x52 ./system/src/diag/Trace.o
 .debug_macro   0x0000000000002995       0x16 ./system/src/diag/Trace.o
 .debug_macro   0x00000000000029ab      0x256 ./system/src/diag/trace_impl.o
 .debug_macro   0x0000000000002c01       0x10 ./system/src/diag/trace_impl.o
 .debug_macro   0x0000000000002c11       0xcf ./system/src/diag/trace_impl.o
 .debug_macro   0x0000000000002ce0       0x19 ./system/src/diag/trace_impl.o
 .debug_macro   0x0000000000002cf9       0xbe ./system/src/diag/trace_impl.o
 .debug_macro   0x0000000000002db7       0x22 ./system/src/diag/trace_impl.o
 .debug_macro   0x0000000000002dd9      0x16a ./system/src/cortexm/_initialize_hardware.o
 .debug_macro   0x0000000000002f43      0x2a8 ./system/src/cortexm/exception_handlers.o
 .debug_macro   0x00000000000031eb       0x3b ./system/src/cortexm/exception_handlers.o
 .debug_macro   0x0000000000003226       0x10 ./system/src/cortexm/exception_handlers.o
 .debug_macro   0x0000000000003236      0x16d ./system/src/cmsis/system_stm32f10x.o
 .debug_macro   0x00000000000033a3       0x34 ./system/src/cmsis/vectors_stm32f10x.o
 .debug_macro   0x00000000000033d7      0x2ca ./src/main.o
 .debug_macro   0x00000000000036a1      0x102 ./src/main.o
 .debug_macro   0x00000000000037a3      0x251 ./src/stm32f10_pcd8544.o
